
*** Running vivado
    with args -log top.vdi -applog -m64 -product Vivado -messageDb vivado.pb -mode batch -source top.tcl -notrace



****** Vivado v2025.2 (64-bit)
  **** SW Build 6299465 on Fri Nov 14 19:35:11 GMT 2025
  **** IP Build 6300035 on Fri Nov 14 10:48:45 MST 2025
  **** SharedData Build 6298862 on Thu Nov 13 04:50:51 MST 2025
  **** Start of session at: Wed Jul  1 22:31:03 2026
    ** Copyright 1986-2022 Xilinx, Inc. All Rights Reserved.
    ** Copyright 2022-2025 Advanced Micro Devices, Inc. All Rights Reserved.

source top.tcl -notrace
INFO: [IP_Flow 19-234] Refreshing IP repositories
INFO: [IP_Flow 19-1704] No user IP repositories specified
INFO: [IP_Flow 19-2313] Loaded Vivado IP repository 'C:/AMDDesignTools/2025.2/Vivado/data/ip'.
Command: link_design -top top -part xc7z015clg485-2
Design is defaulting to srcset: sources_1
Design is defaulting to constrset: constrs_1
INFO: [Device 21-403] Loading part xc7z015clg485-2
INFO: [Project 1-5699] Read binary netlist with skipMacroContent - 1
INFO: [Project 1-454] Reading design checkpoint 'e:/Projects/FPGAs/zynq_z015/bringup/bringup.gen/sources_1/bd/design_1/ip/design_1_processing_system7_0_0/design_1_processing_system7_0_0.dcp' for cell 'design_1_i/processing_system7_0'
Netlist sorting complete. Time (s): cpu = 00:00:00 ; elapsed = 00:00:00.008 . Memory (MB): peak = 827.227 ; gain = 0.000
INFO: [Netlist 29-17] Analyzing 7 Unisim elements for replacement
INFO: [Netlist 29-28] Unisim Transformation completed in 0 CPU seconds
INFO: [Project 1-479] Netlist was created with Vivado 2025.2
INFO: [Project 1-570] Preparing netlist for logic optimization
Parsing XDC File [e:/Projects/FPGAs/zynq_z015/bringup/bringup.gen/sources_1/bd/design_1/ip/design_1_processing_system7_0_0/design_1_processing_system7_0_0.xdc] for cell 'design_1_i/processing_system7_0/inst'
Finished Parsing XDC File [e:/Projects/FPGAs/zynq_z015/bringup/bringup.gen/sources_1/bd/design_1/ip/design_1_processing_system7_0_0/design_1_processing_system7_0_0.xdc] for cell 'design_1_i/processing_system7_0/inst'
Parsing XDC File [E:/Projects/FPGAs/zynq_z015/bringup/bringup.srcs/constrs_1/imports/zynq_z015/acz7015.xdc]
WARNING: [Vivado 12-584] No ports matched 'Cam_PCLK'. [E:/Projects/FPGAs/zynq_z015/bringup/bringup.srcs/constrs_1/imports/zynq_z015/acz7015.xdc:4]
CRITICAL WARNING: [Vivado 12-4739] create_clock:No valid object(s) found for '-objects [get_ports Cam_PCLK]'. [E:/Projects/FPGAs/zynq_z015/bringup/bringup.srcs/constrs_1/imports/zynq_z015/acz7015.xdc:4]
Resolution: Check if the specified object(s) exists in the current design. If it does, ensure that the correct design hierarchy was specified for the object. If you are working with clocks, make sure create_clock was used to create the clock object before it is referenced.
WARNING: [Vivado 12-507] No nets matched 'Cam_PCLK_IBUF'. [E:/Projects/FPGAs/zynq_z015/bringup/bringup.srcs/constrs_1/imports/zynq_z015/acz7015.xdc:5]
CRITICAL WARNING: [Common 17-55] 'set_property' expects at least one object. [E:/Projects/FPGAs/zynq_z015/bringup/bringup.srcs/constrs_1/imports/zynq_z015/acz7015.xdc:5]
Resolution: If [get_<value>] was used to populate the object, check to make sure this command returns at least one valid object.
WARNING: [Vivado 12-584] No ports matched 'Cam_Data[7]'. [E:/Projects/FPGAs/zynq_z015/bringup/bringup.srcs/constrs_1/imports/zynq_z015/acz7015.xdc:8]
CRITICAL WARNING: [Common 17-55] 'set_property' expects at least one object. [E:/Projects/FPGAs/zynq_z015/bringup/bringup.srcs/constrs_1/imports/zynq_z015/acz7015.xdc:8]
Resolution: If [get_<value>] was used to populate the object, check to make sure this command returns at least one valid object.
WARNING: [Vivado 12-584] No ports matched 'Cam_Data[6]'. [E:/Projects/FPGAs/zynq_z015/bringup/bringup.srcs/constrs_1/imports/zynq_z015/acz7015.xdc:9]
CRITICAL WARNING: [Common 17-55] 'set_property' expects at least one object. [E:/Projects/FPGAs/zynq_z015/bringup/bringup.srcs/constrs_1/imports/zynq_z015/acz7015.xdc:9]
Resolution: If [get_<value>] was used to populate the object, check to make sure this command returns at least one valid object.
WARNING: [Vivado 12-584] No ports matched 'Cam_Data[5]'. [E:/Projects/FPGAs/zynq_z015/bringup/bringup.srcs/constrs_1/imports/zynq_z015/acz7015.xdc:10]
CRITICAL WARNING: [Common 17-55] 'set_property' expects at least one object. [E:/Projects/FPGAs/zynq_z015/bringup/bringup.srcs/constrs_1/imports/zynq_z015/acz7015.xdc:10]
Resolution: If [get_<value>] was used to populate the object, check to make sure this command returns at least one valid object.
WARNING: [Vivado 12-584] No ports matched 'Cam_Data[4]'. [E:/Projects/FPGAs/zynq_z015/bringup/bringup.srcs/constrs_1/imports/zynq_z015/acz7015.xdc:11]
CRITICAL WARNING: [Common 17-55] 'set_property' expects at least one object. [E:/Projects/FPGAs/zynq_z015/bringup/bringup.srcs/constrs_1/imports/zynq_z015/acz7015.xdc:11]
Resolution: If [get_<value>] was used to populate the object, check to make sure this command returns at least one valid object.
WARNING: [Vivado 12-584] No ports matched 'Cam_Data[3]'. [E:/Projects/FPGAs/zynq_z015/bringup/bringup.srcs/constrs_1/imports/zynq_z015/acz7015.xdc:12]
CRITICAL WARNING: [Common 17-55] 'set_property' expects at least one object. [E:/Projects/FPGAs/zynq_z015/bringup/bringup.srcs/constrs_1/imports/zynq_z015/acz7015.xdc:12]
Resolution: If [get_<value>] was used to populate the object, check to make sure this command returns at least one valid object.
WARNING: [Vivado 12-584] No ports matched 'Cam_Data[2]'. [E:/Projects/FPGAs/zynq_z015/bringup/bringup.srcs/constrs_1/imports/zynq_z015/acz7015.xdc:13]
CRITICAL WARNING: [Common 17-55] 'set_property' expects at least one object. [E:/Projects/FPGAs/zynq_z015/bringup/bringup.srcs/constrs_1/imports/zynq_z015/acz7015.xdc:13]
Resolution: If [get_<value>] was used to populate the object, check to make sure this command returns at least one valid object.
WARNING: [Vivado 12-584] No ports matched 'Cam_Data[1]'. [E:/Projects/FPGAs/zynq_z015/bringup/bringup.srcs/constrs_1/imports/zynq_z015/acz7015.xdc:14]
CRITICAL WARNING: [Common 17-55] 'set_property' expects at least one object. [E:/Projects/FPGAs/zynq_z015/bringup/bringup.srcs/constrs_1/imports/zynq_z015/acz7015.xdc:14]
Resolution: If [get_<value>] was used to populate the object, check to make sure this command returns at least one valid object.
WARNING: [Vivado 12-584] No ports matched 'Cam_Data[0]'. [E:/Projects/FPGAs/zynq_z015/bringup/bringup.srcs/constrs_1/imports/zynq_z015/acz7015.xdc:15]
CRITICAL WARNING: [Common 17-55] 'set_property' expects at least one object. [E:/Projects/FPGAs/zynq_z015/bringup/bringup.srcs/constrs_1/imports/zynq_z015/acz7015.xdc:15]
Resolution: If [get_<value>] was used to populate the object, check to make sure this command returns at least one valid object.
WARNING: [Vivado 12-584] No ports matched 'Cam_Href'. [E:/Projects/FPGAs/zynq_z015/bringup/bringup.srcs/constrs_1/imports/zynq_z015/acz7015.xdc:16]
CRITICAL WARNING: [Common 17-55] 'set_property' expects at least one object. [E:/Projects/FPGAs/zynq_z015/bringup/bringup.srcs/constrs_1/imports/zynq_z015/acz7015.xdc:16]
Resolution: If [get_<value>] was used to populate the object, check to make sure this command returns at least one valid object.
WARNING: [Vivado 12-584] No ports matched 'Cam_PCLK'. [E:/Projects/FPGAs/zynq_z015/bringup/bringup.srcs/constrs_1/imports/zynq_z015/acz7015.xdc:17]
CRITICAL WARNING: [Common 17-55] 'set_property' expects at least one object. [E:/Projects/FPGAs/zynq_z015/bringup/bringup.srcs/constrs_1/imports/zynq_z015/acz7015.xdc:17]
Resolution: If [get_<value>] was used to populate the object, check to make sure this command returns at least one valid object.
WARNING: [Vivado 12-584] No ports matched 'Cam_Vsync'. [E:/Projects/FPGAs/zynq_z015/bringup/bringup.srcs/constrs_1/imports/zynq_z015/acz7015.xdc:18]
CRITICAL WARNING: [Common 17-55] 'set_property' expects at least one object. [E:/Projects/FPGAs/zynq_z015/bringup/bringup.srcs/constrs_1/imports/zynq_z015/acz7015.xdc:18]
Resolution: If [get_<value>] was used to populate the object, check to make sure this command returns at least one valid object.
WARNING: [Vivado 12-584] No ports matched 'XCLK'. [E:/Projects/FPGAs/zynq_z015/bringup/bringup.srcs/constrs_1/imports/zynq_z015/acz7015.xdc:19]
CRITICAL WARNING: [Common 17-55] 'set_property' expects at least one object. [E:/Projects/FPGAs/zynq_z015/bringup/bringup.srcs/constrs_1/imports/zynq_z015/acz7015.xdc:19]
Resolution: If [get_<value>] was used to populate the object, check to make sure this command returns at least one valid object.
WARNING: [Vivado 12-584] No ports matched 'cam_scl_io'. [E:/Projects/FPGAs/zynq_z015/bringup/bringup.srcs/constrs_1/imports/zynq_z015/acz7015.xdc:20]
CRITICAL WARNING: [Common 17-55] 'set_property' expects at least one object. [E:/Projects/FPGAs/zynq_z015/bringup/bringup.srcs/constrs_1/imports/zynq_z015/acz7015.xdc:20]
Resolution: If [get_<value>] was used to populate the object, check to make sure this command returns at least one valid object.
WARNING: [Vivado 12-584] No ports matched 'cam_sda_io'. [E:/Projects/FPGAs/zynq_z015/bringup/bringup.srcs/constrs_1/imports/zynq_z015/acz7015.xdc:21]
CRITICAL WARNING: [Common 17-55] 'set_property' expects at least one object. [E:/Projects/FPGAs/zynq_z015/bringup/bringup.srcs/constrs_1/imports/zynq_z015/acz7015.xdc:21]
Resolution: If [get_<value>] was used to populate the object, check to make sure this command returns at least one valid object.
WARNING: [Vivado 12-584] No ports matched 'cam_scl_io'. [E:/Projects/FPGAs/zynq_z015/bringup/bringup.srcs/constrs_1/imports/zynq_z015/acz7015.xdc:22]
CRITICAL WARNING: [Common 17-55] 'set_property' expects at least one object. [E:/Projects/FPGAs/zynq_z015/bringup/bringup.srcs/constrs_1/imports/zynq_z015/acz7015.xdc:22]
Resolution: If [get_<value>] was used to populate the object, check to make sure this command returns at least one valid object.
WARNING: [Vivado 12-584] No ports matched 'cam_sda_io'. [E:/Projects/FPGAs/zynq_z015/bringup/bringup.srcs/constrs_1/imports/zynq_z015/acz7015.xdc:23]
CRITICAL WARNING: [Common 17-55] 'set_property' expects at least one object. [E:/Projects/FPGAs/zynq_z015/bringup/bringup.srcs/constrs_1/imports/zynq_z015/acz7015.xdc:23]
Resolution: If [get_<value>] was used to populate the object, check to make sure this command returns at least one valid object.
WARNING: [Vivado 12-584] No ports matched 'cam_scl_io'. [E:/Projects/FPGAs/zynq_z015/bringup/bringup.srcs/constrs_1/imports/zynq_z015/acz7015.xdc:24]
CRITICAL WARNING: [Common 17-55] 'set_property' expects at least one object. [E:/Projects/FPGAs/zynq_z015/bringup/bringup.srcs/constrs_1/imports/zynq_z015/acz7015.xdc:24]
Resolution: If [get_<value>] was used to populate the object, check to make sure this command returns at least one valid object.
WARNING: [Vivado 12-584] No ports matched 'cam_sda_io'. [E:/Projects/FPGAs/zynq_z015/bringup/bringup.srcs/constrs_1/imports/zynq_z015/acz7015.xdc:25]
CRITICAL WARNING: [Common 17-55] 'set_property' expects at least one object. [E:/Projects/FPGAs/zynq_z015/bringup/bringup.srcs/constrs_1/imports/zynq_z015/acz7015.xdc:25]
Resolution: If [get_<value>] was used to populate the object, check to make sure this command returns at least one valid object.
WARNING: [Vivado 12-584] No ports matched 'Cam_Vsync'. [E:/Projects/FPGAs/zynq_z015/bringup/bringup.srcs/constrs_1/imports/zynq_z015/acz7015.xdc:26]
CRITICAL WARNING: [Common 17-55] 'set_property' expects at least one object. [E:/Projects/FPGAs/zynq_z015/bringup/bringup.srcs/constrs_1/imports/zynq_z015/acz7015.xdc:26]
Resolution: If [get_<value>] was used to populate the object, check to make sure this command returns at least one valid object.
WARNING: [Vivado 12-584] No ports matched 'Cam_Href'. [E:/Projects/FPGAs/zynq_z015/bringup/bringup.srcs/constrs_1/imports/zynq_z015/acz7015.xdc:27]
CRITICAL WARNING: [Common 17-55] 'set_property' expects at least one object. [E:/Projects/FPGAs/zynq_z015/bringup/bringup.srcs/constrs_1/imports/zynq_z015/acz7015.xdc:27]
Resolution: If [get_<value>] was used to populate the object, check to make sure this command returns at least one valid object.
WARNING: [Vivado 12-584] No ports matched 'Cam_PCLK'. [E:/Projects/FPGAs/zynq_z015/bringup/bringup.srcs/constrs_1/imports/zynq_z015/acz7015.xdc:28]
CRITICAL WARNING: [Common 17-55] 'set_property' expects at least one object. [E:/Projects/FPGAs/zynq_z015/bringup/bringup.srcs/constrs_1/imports/zynq_z015/acz7015.xdc:28]
Resolution: If [get_<value>] was used to populate the object, check to make sure this command returns at least one valid object.
WARNING: [Vivado 12-584] No ports matched 'XCLK'. [E:/Projects/FPGAs/zynq_z015/bringup/bringup.srcs/constrs_1/imports/zynq_z015/acz7015.xdc:29]
CRITICAL WARNING: [Common 17-55] 'set_property' expects at least one object. [E:/Projects/FPGAs/zynq_z015/bringup/bringup.srcs/constrs_1/imports/zynq_z015/acz7015.xdc:29]
Resolution: If [get_<value>] was used to populate the object, check to make sure this command returns at least one valid object.
WARNING: [Vivado 12-584] No ports matched 'Cam_Data[7]'. [E:/Projects/FPGAs/zynq_z015/bringup/bringup.srcs/constrs_1/imports/zynq_z015/acz7015.xdc:30]
CRITICAL WARNING: [Common 17-55] 'set_property' expects at least one object. [E:/Projects/FPGAs/zynq_z015/bringup/bringup.srcs/constrs_1/imports/zynq_z015/acz7015.xdc:30]
Resolution: If [get_<value>] was used to populate the object, check to make sure this command returns at least one valid object.
WARNING: [Vivado 12-584] No ports matched 'Cam_Data[6]'. [E:/Projects/FPGAs/zynq_z015/bringup/bringup.srcs/constrs_1/imports/zynq_z015/acz7015.xdc:31]
CRITICAL WARNING: [Common 17-55] 'set_property' expects at least one object. [E:/Projects/FPGAs/zynq_z015/bringup/bringup.srcs/constrs_1/imports/zynq_z015/acz7015.xdc:31]
Resolution: If [get_<value>] was used to populate the object, check to make sure this command returns at least one valid object.
WARNING: [Vivado 12-584] No ports matched 'Cam_Data[5]'. [E:/Projects/FPGAs/zynq_z015/bringup/bringup.srcs/constrs_1/imports/zynq_z015/acz7015.xdc:32]
CRITICAL WARNING: [Common 17-55] 'set_property' expects at least one object. [E:/Projects/FPGAs/zynq_z015/bringup/bringup.srcs/constrs_1/imports/zynq_z015/acz7015.xdc:32]
Resolution: If [get_<value>] was used to populate the object, check to make sure this command returns at least one valid object.
WARNING: [Vivado 12-584] No ports matched 'Cam_Data[4]'. [E:/Projects/FPGAs/zynq_z015/bringup/bringup.srcs/constrs_1/imports/zynq_z015/acz7015.xdc:33]
CRITICAL WARNING: [Common 17-55] 'set_property' expects at least one object. [E:/Projects/FPGAs/zynq_z015/bringup/bringup.srcs/constrs_1/imports/zynq_z015/acz7015.xdc:33]
Resolution: If [get_<value>] was used to populate the object, check to make sure this command returns at least one valid object.
WARNING: [Vivado 12-584] No ports matched 'Cam_Data[3]'. [E:/Projects/FPGAs/zynq_z015/bringup/bringup.srcs/constrs_1/imports/zynq_z015/acz7015.xdc:34]
CRITICAL WARNING: [Common 17-55] 'set_property' expects at least one object. [E:/Projects/FPGAs/zynq_z015/bringup/bringup.srcs/constrs_1/imports/zynq_z015/acz7015.xdc:34]
Resolution: If [get_<value>] was used to populate the object, check to make sure this command returns at least one valid object.
WARNING: [Vivado 12-584] No ports matched 'Cam_Data[2]'. [E:/Projects/FPGAs/zynq_z015/bringup/bringup.srcs/constrs_1/imports/zynq_z015/acz7015.xdc:35]
CRITICAL WARNING: [Common 17-55] 'set_property' expects at least one object. [E:/Projects/FPGAs/zynq_z015/bringup/bringup.srcs/constrs_1/imports/zynq_z015/acz7015.xdc:35]
Resolution: If [get_<value>] was used to populate the object, check to make sure this command returns at least one valid object.
WARNING: [Vivado 12-584] No ports matched 'Cam_Data[1]'. [E:/Projects/FPGAs/zynq_z015/bringup/bringup.srcs/constrs_1/imports/zynq_z015/acz7015.xdc:36]
CRITICAL WARNING: [Common 17-55] 'set_property' expects at least one object. [E:/Projects/FPGAs/zynq_z015/bringup/bringup.srcs/constrs_1/imports/zynq_z015/acz7015.xdc:36]
Resolution: If [get_<value>] was used to populate the object, check to make sure this command returns at least one valid object.
WARNING: [Vivado 12-584] No ports matched 'Cam_Data[0]'. [E:/Projects/FPGAs/zynq_z015/bringup/bringup.srcs/constrs_1/imports/zynq_z015/acz7015.xdc:37]
CRITICAL WARNING: [Common 17-55] 'set_property' expects at least one object. [E:/Projects/FPGAs/zynq_z015/bringup/bringup.srcs/constrs_1/imports/zynq_z015/acz7015.xdc:37]
Resolution: If [get_<value>] was used to populate the object, check to make sure this command returns at least one valid object.
WARNING: [Vivado 12-584] No ports matched 'lcd_data[15]'. [E:/Projects/FPGAs/zynq_z015/bringup/bringup.srcs/constrs_1/imports/zynq_z015/acz7015.xdc:41]
CRITICAL WARNING: [Common 17-55] 'set_property' expects at least one object. [E:/Projects/FPGAs/zynq_z015/bringup/bringup.srcs/constrs_1/imports/zynq_z015/acz7015.xdc:41]
Resolution: If [get_<value>] was used to populate the object, check to make sure this command returns at least one valid object.
WARNING: [Vivado 12-584] No ports matched 'lcd_data[14]'. [E:/Projects/FPGAs/zynq_z015/bringup/bringup.srcs/constrs_1/imports/zynq_z015/acz7015.xdc:42]
CRITICAL WARNING: [Common 17-55] 'set_property' expects at least one object. [E:/Projects/FPGAs/zynq_z015/bringup/bringup.srcs/constrs_1/imports/zynq_z015/acz7015.xdc:42]
Resolution: If [get_<value>] was used to populate the object, check to make sure this command returns at least one valid object.
WARNING: [Vivado 12-584] No ports matched 'lcd_data[13]'. [E:/Projects/FPGAs/zynq_z015/bringup/bringup.srcs/constrs_1/imports/zynq_z015/acz7015.xdc:43]
CRITICAL WARNING: [Common 17-55] 'set_property' expects at least one object. [E:/Projects/FPGAs/zynq_z015/bringup/bringup.srcs/constrs_1/imports/zynq_z015/acz7015.xdc:43]
Resolution: If [get_<value>] was used to populate the object, check to make sure this command returns at least one valid object.
WARNING: [Vivado 12-584] No ports matched 'lcd_data[12]'. [E:/Projects/FPGAs/zynq_z015/bringup/bringup.srcs/constrs_1/imports/zynq_z015/acz7015.xdc:44]
CRITICAL WARNING: [Common 17-55] 'set_property' expects at least one object. [E:/Projects/FPGAs/zynq_z015/bringup/bringup.srcs/constrs_1/imports/zynq_z015/acz7015.xdc:44]
Resolution: If [get_<value>] was used to populate the object, check to make sure this command returns at least one valid object.
WARNING: [Vivado 12-584] No ports matched 'lcd_data[11]'. [E:/Projects/FPGAs/zynq_z015/bringup/bringup.srcs/constrs_1/imports/zynq_z015/acz7015.xdc:45]
CRITICAL WARNING: [Common 17-55] 'set_property' expects at least one object. [E:/Projects/FPGAs/zynq_z015/bringup/bringup.srcs/constrs_1/imports/zynq_z015/acz7015.xdc:45]
Resolution: If [get_<value>] was used to populate the object, check to make sure this command returns at least one valid object.
WARNING: [Vivado 12-584] No ports matched 'lcd_data[10]'. [E:/Projects/FPGAs/zynq_z015/bringup/bringup.srcs/constrs_1/imports/zynq_z015/acz7015.xdc:46]
CRITICAL WARNING: [Common 17-55] 'set_property' expects at least one object. [E:/Projects/FPGAs/zynq_z015/bringup/bringup.srcs/constrs_1/imports/zynq_z015/acz7015.xdc:46]
Resolution: If [get_<value>] was used to populate the object, check to make sure this command returns at least one valid object.
WARNING: [Vivado 12-584] No ports matched 'lcd_data[9]'. [E:/Projects/FPGAs/zynq_z015/bringup/bringup.srcs/constrs_1/imports/zynq_z015/acz7015.xdc:47]
CRITICAL WARNING: [Common 17-55] 'set_property' expects at least one object. [E:/Projects/FPGAs/zynq_z015/bringup/bringup.srcs/constrs_1/imports/zynq_z015/acz7015.xdc:47]
Resolution: If [get_<value>] was used to populate the object, check to make sure this command returns at least one valid object.
WARNING: [Vivado 12-584] No ports matched 'lcd_data[8]'. [E:/Projects/FPGAs/zynq_z015/bringup/bringup.srcs/constrs_1/imports/zynq_z015/acz7015.xdc:48]
CRITICAL WARNING: [Common 17-55] 'set_property' expects at least one object. [E:/Projects/FPGAs/zynq_z015/bringup/bringup.srcs/constrs_1/imports/zynq_z015/acz7015.xdc:48]
Resolution: If [get_<value>] was used to populate the object, check to make sure this command returns at least one valid object.
WARNING: [Vivado 12-584] No ports matched 'lcd_data[7]'. [E:/Projects/FPGAs/zynq_z015/bringup/bringup.srcs/constrs_1/imports/zynq_z015/acz7015.xdc:49]
CRITICAL WARNING: [Common 17-55] 'set_property' expects at least one object. [E:/Projects/FPGAs/zynq_z015/bringup/bringup.srcs/constrs_1/imports/zynq_z015/acz7015.xdc:49]
Resolution: If [get_<value>] was used to populate the object, check to make sure this command returns at least one valid object.
WARNING: [Vivado 12-584] No ports matched 'lcd_data[6]'. [E:/Projects/FPGAs/zynq_z015/bringup/bringup.srcs/constrs_1/imports/zynq_z015/acz7015.xdc:50]
CRITICAL WARNING: [Common 17-55] 'set_property' expects at least one object. [E:/Projects/FPGAs/zynq_z015/bringup/bringup.srcs/constrs_1/imports/zynq_z015/acz7015.xdc:50]
Resolution: If [get_<value>] was used to populate the object, check to make sure this command returns at least one valid object.
WARNING: [Vivado 12-584] No ports matched 'lcd_data[5]'. [E:/Projects/FPGAs/zynq_z015/bringup/bringup.srcs/constrs_1/imports/zynq_z015/acz7015.xdc:51]
CRITICAL WARNING: [Common 17-55] 'set_property' expects at least one object. [E:/Projects/FPGAs/zynq_z015/bringup/bringup.srcs/constrs_1/imports/zynq_z015/acz7015.xdc:51]
Resolution: If [get_<value>] was used to populate the object, check to make sure this command returns at least one valid object.
WARNING: [Vivado 12-584] No ports matched 'lcd_data[4]'. [E:/Projects/FPGAs/zynq_z015/bringup/bringup.srcs/constrs_1/imports/zynq_z015/acz7015.xdc:52]
CRITICAL WARNING: [Common 17-55] 'set_property' expects at least one object. [E:/Projects/FPGAs/zynq_z015/bringup/bringup.srcs/constrs_1/imports/zynq_z015/acz7015.xdc:52]
Resolution: If [get_<value>] was used to populate the object, check to make sure this command returns at least one valid object.
WARNING: [Vivado 12-584] No ports matched 'lcd_data[3]'. [E:/Projects/FPGAs/zynq_z015/bringup/bringup.srcs/constrs_1/imports/zynq_z015/acz7015.xdc:53]
CRITICAL WARNING: [Common 17-55] 'set_property' expects at least one object. [E:/Projects/FPGAs/zynq_z015/bringup/bringup.srcs/constrs_1/imports/zynq_z015/acz7015.xdc:53]
Resolution: If [get_<value>] was used to populate the object, check to make sure this command returns at least one valid object.
WARNING: [Vivado 12-584] No ports matched 'lcd_data[2]'. [E:/Projects/FPGAs/zynq_z015/bringup/bringup.srcs/constrs_1/imports/zynq_z015/acz7015.xdc:54]
CRITICAL WARNING: [Common 17-55] 'set_property' expects at least one object. [E:/Projects/FPGAs/zynq_z015/bringup/bringup.srcs/constrs_1/imports/zynq_z015/acz7015.xdc:54]
Resolution: If [get_<value>] was used to populate the object, check to make sure this command returns at least one valid object.
WARNING: [Vivado 12-584] No ports matched 'lcd_data[1]'. [E:/Projects/FPGAs/zynq_z015/bringup/bringup.srcs/constrs_1/imports/zynq_z015/acz7015.xdc:55]
CRITICAL WARNING: [Common 17-55] 'set_property' expects at least one object. [E:/Projects/FPGAs/zynq_z015/bringup/bringup.srcs/constrs_1/imports/zynq_z015/acz7015.xdc:55]
Resolution: If [get_<value>] was used to populate the object, check to make sure this command returns at least one valid object.
WARNING: [Vivado 12-584] No ports matched 'lcd_data[0]'. [E:/Projects/FPGAs/zynq_z015/bringup/bringup.srcs/constrs_1/imports/zynq_z015/acz7015.xdc:56]
CRITICAL WARNING: [Common 17-55] 'set_property' expects at least one object. [E:/Projects/FPGAs/zynq_z015/bringup/bringup.srcs/constrs_1/imports/zynq_z015/acz7015.xdc:56]
Resolution: If [get_<value>] was used to populate the object, check to make sure this command returns at least one valid object.
WARNING: [Vivado 12-584] No ports matched 'lcd_de'. [E:/Projects/FPGAs/zynq_z015/bringup/bringup.srcs/constrs_1/imports/zynq_z015/acz7015.xdc:57]
CRITICAL WARNING: [Common 17-55] 'set_property' expects at least one object. [E:/Projects/FPGAs/zynq_z015/bringup/bringup.srcs/constrs_1/imports/zynq_z015/acz7015.xdc:57]
Resolution: If [get_<value>] was used to populate the object, check to make sure this command returns at least one valid object.
WARNING: [Vivado 12-584] No ports matched 'lcd_hs'. [E:/Projects/FPGAs/zynq_z015/bringup/bringup.srcs/constrs_1/imports/zynq_z015/acz7015.xdc:58]
CRITICAL WARNING: [Common 17-55] 'set_property' expects at least one object. [E:/Projects/FPGAs/zynq_z015/bringup/bringup.srcs/constrs_1/imports/zynq_z015/acz7015.xdc:58]
Resolution: If [get_<value>] was used to populate the object, check to make sure this command returns at least one valid object.
WARNING: [Vivado 12-584] No ports matched 'lcd_vs'. [E:/Projects/FPGAs/zynq_z015/bringup/bringup.srcs/constrs_1/imports/zynq_z015/acz7015.xdc:59]
CRITICAL WARNING: [Common 17-55] 'set_property' expects at least one object. [E:/Projects/FPGAs/zynq_z015/bringup/bringup.srcs/constrs_1/imports/zynq_z015/acz7015.xdc:59]
Resolution: If [get_<value>] was used to populate the object, check to make sure this command returns at least one valid object.
WARNING: [Vivado 12-584] No ports matched 'lcd_pclk'. [E:/Projects/FPGAs/zynq_z015/bringup/bringup.srcs/constrs_1/imports/zynq_z015/acz7015.xdc:60]
CRITICAL WARNING: [Common 17-55] 'set_property' expects at least one object. [E:/Projects/FPGAs/zynq_z015/bringup/bringup.srcs/constrs_1/imports/zynq_z015/acz7015.xdc:60]
Resolution: If [get_<value>] was used to populate the object, check to make sure this command returns at least one valid object.
WARNING: [Vivado 12-584] No ports matched 'lcd_bl'. [E:/Projects/FPGAs/zynq_z015/bringup/bringup.srcs/constrs_1/imports/zynq_z015/acz7015.xdc:61]
CRITICAL WARNING: [Common 17-55] 'set_property' expects at least one object. [E:/Projects/FPGAs/zynq_z015/bringup/bringup.srcs/constrs_1/imports/zynq_z015/acz7015.xdc:61]
Resolution: If [get_<value>] was used to populate the object, check to make sure this command returns at least one valid object.
WARNING: [Vivado 12-584] No ports matched 'lcd_data[15]'. [E:/Projects/FPGAs/zynq_z015/bringup/bringup.srcs/constrs_1/imports/zynq_z015/acz7015.xdc:62]
CRITICAL WARNING: [Common 17-55] 'set_property' expects at least one object. [E:/Projects/FPGAs/zynq_z015/bringup/bringup.srcs/constrs_1/imports/zynq_z015/acz7015.xdc:62]
Resolution: If [get_<value>] was used to populate the object, check to make sure this command returns at least one valid object.
WARNING: [Vivado 12-584] No ports matched 'lcd_data[14]'. [E:/Projects/FPGAs/zynq_z015/bringup/bringup.srcs/constrs_1/imports/zynq_z015/acz7015.xdc:63]
CRITICAL WARNING: [Common 17-55] 'set_property' expects at least one object. [E:/Projects/FPGAs/zynq_z015/bringup/bringup.srcs/constrs_1/imports/zynq_z015/acz7015.xdc:63]
Resolution: If [get_<value>] was used to populate the object, check to make sure this command returns at least one valid object.
WARNING: [Vivado 12-584] No ports matched 'lcd_data[13]'. [E:/Projects/FPGAs/zynq_z015/bringup/bringup.srcs/constrs_1/imports/zynq_z015/acz7015.xdc:64]
CRITICAL WARNING: [Common 17-55] 'set_property' expects at least one object. [E:/Projects/FPGAs/zynq_z015/bringup/bringup.srcs/constrs_1/imports/zynq_z015/acz7015.xdc:64]
Resolution: If [get_<value>] was used to populate the object, check to make sure this command returns at least one valid object.
WARNING: [Vivado 12-584] No ports matched 'lcd_data[12]'. [E:/Projects/FPGAs/zynq_z015/bringup/bringup.srcs/constrs_1/imports/zynq_z015/acz7015.xdc:65]
CRITICAL WARNING: [Common 17-55] 'set_property' expects at least one object. [E:/Projects/FPGAs/zynq_z015/bringup/bringup.srcs/constrs_1/imports/zynq_z015/acz7015.xdc:65]
Resolution: If [get_<value>] was used to populate the object, check to make sure this command returns at least one valid object.
WARNING: [Vivado 12-584] No ports matched 'lcd_data[11]'. [E:/Projects/FPGAs/zynq_z015/bringup/bringup.srcs/constrs_1/imports/zynq_z015/acz7015.xdc:66]
CRITICAL WARNING: [Common 17-55] 'set_property' expects at least one object. [E:/Projects/FPGAs/zynq_z015/bringup/bringup.srcs/constrs_1/imports/zynq_z015/acz7015.xdc:66]
Resolution: If [get_<value>] was used to populate the object, check to make sure this command returns at least one valid object.
WARNING: [Vivado 12-584] No ports matched 'lcd_data[10]'. [E:/Projects/FPGAs/zynq_z015/bringup/bringup.srcs/constrs_1/imports/zynq_z015/acz7015.xdc:67]
CRITICAL WARNING: [Common 17-55] 'set_property' expects at least one object. [E:/Projects/FPGAs/zynq_z015/bringup/bringup.srcs/constrs_1/imports/zynq_z015/acz7015.xdc:67]
Resolution: If [get_<value>] was used to populate the object, check to make sure this command returns at least one valid object.
WARNING: [Vivado 12-584] No ports matched 'lcd_data[9]'. [E:/Projects/FPGAs/zynq_z015/bringup/bringup.srcs/constrs_1/imports/zynq_z015/acz7015.xdc:68]
CRITICAL WARNING: [Common 17-55] 'set_property' expects at least one object. [E:/Projects/FPGAs/zynq_z015/bringup/bringup.srcs/constrs_1/imports/zynq_z015/acz7015.xdc:68]
Resolution: If [get_<value>] was used to populate the object, check to make sure this command returns at least one valid object.
WARNING: [Vivado 12-584] No ports matched 'lcd_data[8]'. [E:/Projects/FPGAs/zynq_z015/bringup/bringup.srcs/constrs_1/imports/zynq_z015/acz7015.xdc:69]
CRITICAL WARNING: [Common 17-55] 'set_property' expects at least one object. [E:/Projects/FPGAs/zynq_z015/bringup/bringup.srcs/constrs_1/imports/zynq_z015/acz7015.xdc:69]
Resolution: If [get_<value>] was used to populate the object, check to make sure this command returns at least one valid object.
WARNING: [Vivado 12-584] No ports matched 'lcd_data[7]'. [E:/Projects/FPGAs/zynq_z015/bringup/bringup.srcs/constrs_1/imports/zynq_z015/acz7015.xdc:70]
CRITICAL WARNING: [Common 17-55] 'set_property' expects at least one object. [E:/Projects/FPGAs/zynq_z015/bringup/bringup.srcs/constrs_1/imports/zynq_z015/acz7015.xdc:70]
Resolution: If [get_<value>] was used to populate the object, check to make sure this command returns at least one valid object.
WARNING: [Vivado 12-584] No ports matched 'lcd_data[6]'. [E:/Projects/FPGAs/zynq_z015/bringup/bringup.srcs/constrs_1/imports/zynq_z015/acz7015.xdc:71]
CRITICAL WARNING: [Common 17-55] 'set_property' expects at least one object. [E:/Projects/FPGAs/zynq_z015/bringup/bringup.srcs/constrs_1/imports/zynq_z015/acz7015.xdc:71]
Resolution: If [get_<value>] was used to populate the object, check to make sure this command returns at least one valid object.
WARNING: [Vivado 12-584] No ports matched 'lcd_data[5]'. [E:/Projects/FPGAs/zynq_z015/bringup/bringup.srcs/constrs_1/imports/zynq_z015/acz7015.xdc:72]
CRITICAL WARNING: [Common 17-55] 'set_property' expects at least one object. [E:/Projects/FPGAs/zynq_z015/bringup/bringup.srcs/constrs_1/imports/zynq_z015/acz7015.xdc:72]
Resolution: If [get_<value>] was used to populate the object, check to make sure this command returns at least one valid object.
WARNING: [Vivado 12-584] No ports matched 'lcd_data[4]'. [E:/Projects/FPGAs/zynq_z015/bringup/bringup.srcs/constrs_1/imports/zynq_z015/acz7015.xdc:73]
CRITICAL WARNING: [Common 17-55] 'set_property' expects at least one object. [E:/Projects/FPGAs/zynq_z015/bringup/bringup.srcs/constrs_1/imports/zynq_z015/acz7015.xdc:73]
Resolution: If [get_<value>] was used to populate the object, check to make sure this command returns at least one valid object.
WARNING: [Vivado 12-584] No ports matched 'lcd_data[3]'. [E:/Projects/FPGAs/zynq_z015/bringup/bringup.srcs/constrs_1/imports/zynq_z015/acz7015.xdc:74]
CRITICAL WARNING: [Common 17-55] 'set_property' expects at least one object. [E:/Projects/FPGAs/zynq_z015/bringup/bringup.srcs/constrs_1/imports/zynq_z015/acz7015.xdc:74]
Resolution: If [get_<value>] was used to populate the object, check to make sure this command returns at least one valid object.
WARNING: [Vivado 12-584] No ports matched 'lcd_data[2]'. [E:/Projects/FPGAs/zynq_z015/bringup/bringup.srcs/constrs_1/imports/zynq_z015/acz7015.xdc:75]
CRITICAL WARNING: [Common 17-55] 'set_property' expects at least one object. [E:/Projects/FPGAs/zynq_z015/bringup/bringup.srcs/constrs_1/imports/zynq_z015/acz7015.xdc:75]
Resolution: If [get_<value>] was used to populate the object, check to make sure this command returns at least one valid object.
WARNING: [Vivado 12-584] No ports matched 'lcd_data[1]'. [E:/Projects/FPGAs/zynq_z015/bringup/bringup.srcs/constrs_1/imports/zynq_z015/acz7015.xdc:76]
CRITICAL WARNING: [Common 17-55] 'set_property' expects at least one object. [E:/Projects/FPGAs/zynq_z015/bringup/bringup.srcs/constrs_1/imports/zynq_z015/acz7015.xdc:76]
Resolution: If [get_<value>] was used to populate the object, check to make sure this command returns at least one valid object.
WARNING: [Vivado 12-584] No ports matched 'lcd_data[0]'. [E:/Projects/FPGAs/zynq_z015/bringup/bringup.srcs/constrs_1/imports/zynq_z015/acz7015.xdc:77]
CRITICAL WARNING: [Common 17-55] 'set_property' expects at least one object. [E:/Projects/FPGAs/zynq_z015/bringup/bringup.srcs/constrs_1/imports/zynq_z015/acz7015.xdc:77]
Resolution: If [get_<value>] was used to populate the object, check to make sure this command returns at least one valid object.
WARNING: [Vivado 12-584] No ports matched 'lcd_bl'. [E:/Projects/FPGAs/zynq_z015/bringup/bringup.srcs/constrs_1/imports/zynq_z015/acz7015.xdc:78]
CRITICAL WARNING: [Common 17-55] 'set_property' expects at least one object. [E:/Projects/FPGAs/zynq_z015/bringup/bringup.srcs/constrs_1/imports/zynq_z015/acz7015.xdc:78]
Resolution: If [get_<value>] was used to populate the object, check to make sure this command returns at least one valid object.
WARNING: [Vivado 12-584] No ports matched 'lcd_de'. [E:/Projects/FPGAs/zynq_z015/bringup/bringup.srcs/constrs_1/imports/zynq_z015/acz7015.xdc:79]
CRITICAL WARNING: [Common 17-55] 'set_property' expects at least one object. [E:/Projects/FPGAs/zynq_z015/bringup/bringup.srcs/constrs_1/imports/zynq_z015/acz7015.xdc:79]
Resolution: If [get_<value>] was used to populate the object, check to make sure this command returns at least one valid object.
WARNING: [Vivado 12-584] No ports matched 'lcd_hs'. [E:/Projects/FPGAs/zynq_z015/bringup/bringup.srcs/constrs_1/imports/zynq_z015/acz7015.xdc:80]
CRITICAL WARNING: [Common 17-55] 'set_property' expects at least one object. [E:/Projects/FPGAs/zynq_z015/bringup/bringup.srcs/constrs_1/imports/zynq_z015/acz7015.xdc:80]
Resolution: If [get_<value>] was used to populate the object, check to make sure this command returns at least one valid object.
WARNING: [Vivado 12-584] No ports matched 'lcd_vs'. [E:/Projects/FPGAs/zynq_z015/bringup/bringup.srcs/constrs_1/imports/zynq_z015/acz7015.xdc:81]
CRITICAL WARNING: [Common 17-55] 'set_property' expects at least one object. [E:/Projects/FPGAs/zynq_z015/bringup/bringup.srcs/constrs_1/imports/zynq_z015/acz7015.xdc:81]
Resolution: If [get_<value>] was used to populate the object, check to make sure this command returns at least one valid object.
WARNING: [Vivado 12-584] No ports matched 'lcd_pclk'. [E:/Projects/FPGAs/zynq_z015/bringup/bringup.srcs/constrs_1/imports/zynq_z015/acz7015.xdc:82]
CRITICAL WARNING: [Common 17-55] 'set_property' expects at least one object. [E:/Projects/FPGAs/zynq_z015/bringup/bringup.srcs/constrs_1/imports/zynq_z015/acz7015.xdc:82]
Resolution: If [get_<value>] was used to populate the object, check to make sure this command returns at least one valid object.
WARNING: [Vivado 12-584] No ports matched 'MCLK'. [E:/Projects/FPGAs/zynq_z015/bringup/bringup.srcs/constrs_1/imports/zynq_z015/acz7015.xdc:86]
CRITICAL WARNING: [Common 17-55] 'set_property' expects at least one object. [E:/Projects/FPGAs/zynq_z015/bringup/bringup.srcs/constrs_1/imports/zynq_z015/acz7015.xdc:86]
Resolution: If [get_<value>] was used to populate the object, check to make sure this command returns at least one valid object.
WARNING: [Vivado 12-584] No ports matched 'ADCDAT'. [E:/Projects/FPGAs/zynq_z015/bringup/bringup.srcs/constrs_1/imports/zynq_z015/acz7015.xdc:87]
CRITICAL WARNING: [Common 17-55] 'set_property' expects at least one object. [E:/Projects/FPGAs/zynq_z015/bringup/bringup.srcs/constrs_1/imports/zynq_z015/acz7015.xdc:87]
Resolution: If [get_<value>] was used to populate the object, check to make sure this command returns at least one valid object.
WARNING: [Vivado 12-584] No ports matched 'ADCLRC'. [E:/Projects/FPGAs/zynq_z015/bringup/bringup.srcs/constrs_1/imports/zynq_z015/acz7015.xdc:88]
CRITICAL WARNING: [Common 17-55] 'set_property' expects at least one object. [E:/Projects/FPGAs/zynq_z015/bringup/bringup.srcs/constrs_1/imports/zynq_z015/acz7015.xdc:88]
Resolution: If [get_<value>] was used to populate the object, check to make sure this command returns at least one valid object.
WARNING: [Vivado 12-584] No ports matched 'BCLK'. [E:/Projects/FPGAs/zynq_z015/bringup/bringup.srcs/constrs_1/imports/zynq_z015/acz7015.xdc:89]
CRITICAL WARNING: [Common 17-55] 'set_property' expects at least one object. [E:/Projects/FPGAs/zynq_z015/bringup/bringup.srcs/constrs_1/imports/zynq_z015/acz7015.xdc:89]
Resolution: If [get_<value>] was used to populate the object, check to make sure this command returns at least one valid object.
WARNING: [Vivado 12-584] No ports matched 'DACDAT'. [E:/Projects/FPGAs/zynq_z015/bringup/bringup.srcs/constrs_1/imports/zynq_z015/acz7015.xdc:90]
CRITICAL WARNING: [Common 17-55] 'set_property' expects at least one object. [E:/Projects/FPGAs/zynq_z015/bringup/bringup.srcs/constrs_1/imports/zynq_z015/acz7015.xdc:90]
Resolution: If [get_<value>] was used to populate the object, check to make sure this command returns at least one valid object.
WARNING: [Vivado 12-584] No ports matched 'DACLRC'. [E:/Projects/FPGAs/zynq_z015/bringup/bringup.srcs/constrs_1/imports/zynq_z015/acz7015.xdc:91]
CRITICAL WARNING: [Common 17-55] 'set_property' expects at least one object. [E:/Projects/FPGAs/zynq_z015/bringup/bringup.srcs/constrs_1/imports/zynq_z015/acz7015.xdc:91]
Resolution: If [get_<value>] was used to populate the object, check to make sure this command returns at least one valid object.
WARNING: [Vivado 12-584] No ports matched 'MCLK'. [E:/Projects/FPGAs/zynq_z015/bringup/bringup.srcs/constrs_1/imports/zynq_z015/acz7015.xdc:92]
CRITICAL WARNING: [Common 17-55] 'set_property' expects at least one object. [E:/Projects/FPGAs/zynq_z015/bringup/bringup.srcs/constrs_1/imports/zynq_z015/acz7015.xdc:92]
Resolution: If [get_<value>] was used to populate the object, check to make sure this command returns at least one valid object.
WARNING: [Vivado 12-584] No ports matched 'BCLK'. [E:/Projects/FPGAs/zynq_z015/bringup/bringup.srcs/constrs_1/imports/zynq_z015/acz7015.xdc:93]
CRITICAL WARNING: [Common 17-55] 'set_property' expects at least one object. [E:/Projects/FPGAs/zynq_z015/bringup/bringup.srcs/constrs_1/imports/zynq_z015/acz7015.xdc:93]
Resolution: If [get_<value>] was used to populate the object, check to make sure this command returns at least one valid object.
WARNING: [Vivado 12-584] No ports matched 'DACLRC'. [E:/Projects/FPGAs/zynq_z015/bringup/bringup.srcs/constrs_1/imports/zynq_z015/acz7015.xdc:94]
CRITICAL WARNING: [Common 17-55] 'set_property' expects at least one object. [E:/Projects/FPGAs/zynq_z015/bringup/bringup.srcs/constrs_1/imports/zynq_z015/acz7015.xdc:94]
Resolution: If [get_<value>] was used to populate the object, check to make sure this command returns at least one valid object.
WARNING: [Vivado 12-584] No ports matched 'DACDAT'. [E:/Projects/FPGAs/zynq_z015/bringup/bringup.srcs/constrs_1/imports/zynq_z015/acz7015.xdc:95]
CRITICAL WARNING: [Common 17-55] 'set_property' expects at least one object. [E:/Projects/FPGAs/zynq_z015/bringup/bringup.srcs/constrs_1/imports/zynq_z015/acz7015.xdc:95]
Resolution: If [get_<value>] was used to populate the object, check to make sure this command returns at least one valid object.
WARNING: [Vivado 12-584] No ports matched 'ADCLRC'. [E:/Projects/FPGAs/zynq_z015/bringup/bringup.srcs/constrs_1/imports/zynq_z015/acz7015.xdc:96]
CRITICAL WARNING: [Common 17-55] 'set_property' expects at least one object. [E:/Projects/FPGAs/zynq_z015/bringup/bringup.srcs/constrs_1/imports/zynq_z015/acz7015.xdc:96]
Resolution: If [get_<value>] was used to populate the object, check to make sure this command returns at least one valid object.
WARNING: [Vivado 12-584] No ports matched 'ADCDAT'. [E:/Projects/FPGAs/zynq_z015/bringup/bringup.srcs/constrs_1/imports/zynq_z015/acz7015.xdc:97]
CRITICAL WARNING: [Common 17-55] 'set_property' expects at least one object. [E:/Projects/FPGAs/zynq_z015/bringup/bringup.srcs/constrs_1/imports/zynq_z015/acz7015.xdc:97]
Resolution: If [get_<value>] was used to populate the object, check to make sure this command returns at least one valid object.
WARNING: [Vivado 12-584] No ports matched 'GPIO_0_0_tri_io[0]'. [E:/Projects/FPGAs/zynq_z015/bringup/bringup.srcs/constrs_1/imports/zynq_z015/acz7015.xdc:101]
CRITICAL WARNING: [Common 17-55] 'set_property' expects at least one object. [E:/Projects/FPGAs/zynq_z015/bringup/bringup.srcs/constrs_1/imports/zynq_z015/acz7015.xdc:101]
Resolution: If [get_<value>] was used to populate the object, check to make sure this command returns at least one valid object.
WARNING: [Vivado 12-584] No ports matched 'GPIO_0_0_tri_io[1]'. [E:/Projects/FPGAs/zynq_z015/bringup/bringup.srcs/constrs_1/imports/zynq_z015/acz7015.xdc:102]
CRITICAL WARNING: [Common 17-55] 'set_property' expects at least one object. [E:/Projects/FPGAs/zynq_z015/bringup/bringup.srcs/constrs_1/imports/zynq_z015/acz7015.xdc:102]
Resolution: If [get_<value>] was used to populate the object, check to make sure this command returns at least one valid object.
WARNING: [Vivado 12-584] No ports matched 'GPIO_0_0_tri_io[2]'. [E:/Projects/FPGAs/zynq_z015/bringup/bringup.srcs/constrs_1/imports/zynq_z015/acz7015.xdc:103]
CRITICAL WARNING: [Common 17-55] 'set_property' expects at least one object. [E:/Projects/FPGAs/zynq_z015/bringup/bringup.srcs/constrs_1/imports/zynq_z015/acz7015.xdc:103]
Resolution: If [get_<value>] was used to populate the object, check to make sure this command returns at least one valid object.
WARNING: [Vivado 12-584] No ports matched 'GPIO_0_0_tri_io[3]'. [E:/Projects/FPGAs/zynq_z015/bringup/bringup.srcs/constrs_1/imports/zynq_z015/acz7015.xdc:104]
CRITICAL WARNING: [Common 17-55] 'set_property' expects at least one object. [E:/Projects/FPGAs/zynq_z015/bringup/bringup.srcs/constrs_1/imports/zynq_z015/acz7015.xdc:104]
Resolution: If [get_<value>] was used to populate the object, check to make sure this command returns at least one valid object.
WARNING: [Vivado 12-584] No ports matched 'GPIO_0_0_tri_io[0]'. [E:/Projects/FPGAs/zynq_z015/bringup/bringup.srcs/constrs_1/imports/zynq_z015/acz7015.xdc:105]
CRITICAL WARNING: [Common 17-55] 'set_property' expects at least one object. [E:/Projects/FPGAs/zynq_z015/bringup/bringup.srcs/constrs_1/imports/zynq_z015/acz7015.xdc:105]
Resolution: If [get_<value>] was used to populate the object, check to make sure this command returns at least one valid object.
WARNING: [Vivado 12-584] No ports matched 'GPIO_0_0_tri_io[1]'. [E:/Projects/FPGAs/zynq_z015/bringup/bringup.srcs/constrs_1/imports/zynq_z015/acz7015.xdc:106]
CRITICAL WARNING: [Common 17-55] 'set_property' expects at least one object. [E:/Projects/FPGAs/zynq_z015/bringup/bringup.srcs/constrs_1/imports/zynq_z015/acz7015.xdc:106]
Resolution: If [get_<value>] was used to populate the object, check to make sure this command returns at least one valid object.
WARNING: [Vivado 12-584] No ports matched 'GPIO_0_0_tri_io[2]'. [E:/Projects/FPGAs/zynq_z015/bringup/bringup.srcs/constrs_1/imports/zynq_z015/acz7015.xdc:107]
CRITICAL WARNING: [Common 17-55] 'set_property' expects at least one object. [E:/Projects/FPGAs/zynq_z015/bringup/bringup.srcs/constrs_1/imports/zynq_z015/acz7015.xdc:107]
Resolution: If [get_<value>] was used to populate the object, check to make sure this command returns at least one valid object.
WARNING: [Vivado 12-584] No ports matched 'GPIO_0_0_tri_io[3]'. [E:/Projects/FPGAs/zynq_z015/bringup/bringup.srcs/constrs_1/imports/zynq_z015/acz7015.xdc:108]
CRITICAL WARNING: [Common 17-55] 'set_property' expects at least one object. [E:/Projects/FPGAs/zynq_z015/bringup/bringup.srcs/constrs_1/imports/zynq_z015/acz7015.xdc:108]
Resolution: If [get_<value>] was used to populate the object, check to make sure this command returns at least one valid object.
WARNING: [Vivado 12-584] No ports matched 'GPIO_0_0_tri_io[3]'. [E:/Projects/FPGAs/zynq_z015/bringup/bringup.srcs/constrs_1/imports/zynq_z015/acz7015.xdc:109]
CRITICAL WARNING: [Common 17-55] 'set_property' expects at least one object. [E:/Projects/FPGAs/zynq_z015/bringup/bringup.srcs/constrs_1/imports/zynq_z015/acz7015.xdc:109]
Resolution: If [get_<value>] was used to populate the object, check to make sure this command returns at least one valid object.
WARNING: [Vivado 12-584] No ports matched 'Beep'. [E:/Projects/FPGAs/zynq_z015/bringup/bringup.srcs/constrs_1/imports/zynq_z015/acz7015.xdc:111]
CRITICAL WARNING: [Common 17-55] 'set_property' expects at least one object. [E:/Projects/FPGAs/zynq_z015/bringup/bringup.srcs/constrs_1/imports/zynq_z015/acz7015.xdc:111]
Resolution: If [get_<value>] was used to populate the object, check to make sure this command returns at least one valid object.
WARNING: [Vivado 12-584] No ports matched 'Beep'. [E:/Projects/FPGAs/zynq_z015/bringup/bringup.srcs/constrs_1/imports/zynq_z015/acz7015.xdc:112]
CRITICAL WARNING: [Common 17-55] 'set_property' expects at least one object. [E:/Projects/FPGAs/zynq_z015/bringup/bringup.srcs/constrs_1/imports/zynq_z015/acz7015.xdc:112]
Resolution: If [get_<value>] was used to populate the object, check to make sure this command returns at least one valid object.
WARNING: [Vivado 12-584] No ports matched 'RGMII_0_rd[3]'. [E:/Projects/FPGAs/zynq_z015/bringup/bringup.srcs/constrs_1/imports/zynq_z015/acz7015.xdc:115]
CRITICAL WARNING: [Common 17-55] 'set_property' expects at least one object. [E:/Projects/FPGAs/zynq_z015/bringup/bringup.srcs/constrs_1/imports/zynq_z015/acz7015.xdc:115]
Resolution: If [get_<value>] was used to populate the object, check to make sure this command returns at least one valid object.
WARNING: [Vivado 12-584] No ports matched 'RGMII_0_rd[2]'. [E:/Projects/FPGAs/zynq_z015/bringup/bringup.srcs/constrs_1/imports/zynq_z015/acz7015.xdc:116]
CRITICAL WARNING: [Common 17-55] 'set_property' expects at least one object. [E:/Projects/FPGAs/zynq_z015/bringup/bringup.srcs/constrs_1/imports/zynq_z015/acz7015.xdc:116]
Resolution: If [get_<value>] was used to populate the object, check to make sure this command returns at least one valid object.
WARNING: [Vivado 12-584] No ports matched 'RGMII_0_rd[1]'. [E:/Projects/FPGAs/zynq_z015/bringup/bringup.srcs/constrs_1/imports/zynq_z015/acz7015.xdc:117]
CRITICAL WARNING: [Common 17-55] 'set_property' expects at least one object. [E:/Projects/FPGAs/zynq_z015/bringup/bringup.srcs/constrs_1/imports/zynq_z015/acz7015.xdc:117]
Resolution: If [get_<value>] was used to populate the object, check to make sure this command returns at least one valid object.
WARNING: [Vivado 12-584] No ports matched 'RGMII_0_rd[0]'. [E:/Projects/FPGAs/zynq_z015/bringup/bringup.srcs/constrs_1/imports/zynq_z015/acz7015.xdc:118]
INFO: [Common 17-14] Message 'Vivado 12-584' appears 100 times and further instances of the messages will be disabled. Use the Tcl command set_msg_config to change the current settings. [E:/Projects/FPGAs/zynq_z015/bringup/bringup.srcs/constrs_1/imports/zynq_z015/acz7015.xdc:118]
CRITICAL WARNING: [Common 17-55] 'set_property' expects at least one object. [E:/Projects/FPGAs/zynq_z015/bringup/bringup.srcs/constrs_1/imports/zynq_z015/acz7015.xdc:118]
Resolution: If [get_<value>] was used to populate the object, check to make sure this command returns at least one valid object.
INFO: [Common 17-14] Message 'Common 17-55' appears 100 times and further instances of the messages will be disabled. Use the Tcl command set_msg_config to change the current settings. [E:/Projects/FPGAs/zynq_z015/bringup/bringup.srcs/constrs_1/imports/zynq_z015/acz7015.xdc:118]
Finished Parsing XDC File [E:/Projects/FPGAs/zynq_z015/bringup/bringup.srcs/constrs_1/imports/zynq_z015/acz7015.xdc]
INFO: [Opt 31-138] Pushed 0 inverter(s) to 0 load pin(s).
Netlist sorting complete. Time (s): cpu = 00:00:00 ; elapsed = 00:00:00 . Memory (MB): peak = 971.840 ; gain = 0.000
INFO: [Project 1-111] Unisim Transformation Summary:
No Unisim elements were transformed.

14 Infos, 101 Warnings, 101 Critical Warnings and 0 Errors encountered.
link_design completed successfully
Command: opt_design
Attempting to get a license for feature 'Implementation' and/or device 'xc7z015'
INFO: [Common 17-349] Got license for feature 'Implementation' and/or device 'xc7z015'
Running DRC as a precondition to command opt_design

Starting DRC Task
INFO: [DRC 23-27] Running DRC with 2 threads
INFO: [Project 1-461] DRC finished with 0 Errors
INFO: [Project 1-462] Please refer to the DRC report (report_drc) for more information.

Time (s): cpu = 00:00:00 ; elapsed = 00:00:00.443 . Memory (MB): peak = 1007.969 ; gain = 36.129

Starting Cache Timing Information Task
INFO: [Timing 38-35] Done setting XDC timing constraints.
Ending Cache Timing Information Task | Checksum: 20c3b69c9

Time (s): cpu = 00:00:04 ; elapsed = 00:00:04 . Memory (MB): peak = 1477.902 ; gain = 469.934

Starting Logic Optimization Task

Phase 1 Initialization

Phase 1.1 Core Generation And Design Setup
Phase 1.1 Core Generation And Design Setup | Checksum: 20c3b69c9

Time (s): cpu = 00:00:00 ; elapsed = 00:00:00.002 . Memory (MB): peak = 1939.840 ; gain = 0.000

Phase 1.2 Setup Constraints And Sort Netlist
Phase 1.2 Setup Constraints And Sort Netlist | Checksum: 20c3b69c9

Time (s): cpu = 00:00:00 ; elapsed = 00:00:00.003 . Memory (MB): peak = 1939.840 ; gain = 0.000
Phase 1 Initialization | Checksum: 20c3b69c9

Time (s): cpu = 00:00:00 ; elapsed = 00:00:00.003 . Memory (MB): peak = 1939.840 ; gain = 0.000

Phase 2 Timer Update And Timing Data Collection

Phase 2.1 Detect if minReqCache needed
Phase 2.1 Detect if minReqCache needed | Checksum: 20c3b69c9

Time (s): cpu = 00:00:00 ; elapsed = 00:00:00.007 . Memory (MB): peak = 1939.840 ; gain = 0.000

Phase 2.2 Timer Update
Phase 2.2 Timer Update | Checksum: 20c3b69c9

Time (s): cpu = 00:00:00 ; elapsed = 00:00:00.012 . Memory (MB): peak = 1939.840 ; gain = 0.000

Phase 2.3 Timing Data Collection
Phase 2.3 Timing Data Collection | Checksum: 20c3b69c9

Time (s): cpu = 00:00:00 ; elapsed = 00:00:00.013 . Memory (MB): peak = 1939.840 ; gain = 0.000
Phase 2 Timer Update And Timing Data Collection | Checksum: 20c3b69c9

Time (s): cpu = 00:00:00 ; elapsed = 00:00:00.013 . Memory (MB): peak = 1939.840 ; gain = 0.000

Phase 3 Retarget
INFO: [Opt 31-1851] Number of loadless carry chains removed were: 0
INFO: [Opt 31-1834] Total Chains To Be Transformed Were: 0 AND Number of Transformed insts Created are: 0
INFO: [Opt 31-138] Pushed 0 inverter(s) to 0 load pin(s).
INFO: [Opt 31-49] Retargeted 0 cell(s).
Phase 3 Retarget | Checksum: 212e862b9

Time (s): cpu = 00:00:00 ; elapsed = 00:00:00.036 . Memory (MB): peak = 1939.840 ; gain = 0.000
Retarget | Checksum: 212e862b9
INFO: [Opt 31-389] Phase Retarget created 0 cells and removed 24 cells

Phase 4 Constant propagation
INFO: [Opt 31-138] Pushed 0 inverter(s) to 0 load pin(s).
Phase 4 Constant propagation | Checksum: 212e862b9

Time (s): cpu = 00:00:00 ; elapsed = 00:00:00.039 . Memory (MB): peak = 1939.840 ; gain = 0.000
Constant propagation | Checksum: 212e862b9
INFO: [Opt 31-389] Phase Constant propagation created 0 cells and removed 0 cells

Phase 5 Sweep
INFO: [Constraints 18-11670] Building netlist checker database with flags, 0x8
Done building netlist checker database: Time (s): cpu = 00:00:00 ; elapsed = 00:00:00 . Memory (MB): peak = 1939.840 ; gain = 0.000
INFO: [Constraints 18-11670] Building netlist checker database with flags, 0x8
Done building netlist checker database: Time (s): cpu = 00:00:00 ; elapsed = 00:00:00 . Memory (MB): peak = 1939.840 ; gain = 0.000
Phase 5 Sweep | Checksum: 1f51af11d

Time (s): cpu = 00:00:00 ; elapsed = 00:00:00.073 . Memory (MB): peak = 1939.840 ; gain = 0.000
Sweep | Checksum: 1f51af11d
INFO: [Opt 31-389] Phase Sweep created 8 cells and removed 0 cells

Phase 6 BUFG optimization
Phase 6 BUFG optimization | Checksum: 1f51af11d

Time (s): cpu = 00:00:00 ; elapsed = 00:00:00.080 . Memory (MB): peak = 1939.840 ; gain = 0.000
BUFG optimization | Checksum: 1f51af11d
INFO: [Opt 31-662] Phase BUFG optimization created 0 cells of which 0 are BUFGs and removed 0 cells.

Phase 7 Shift Register Optimization
INFO: [Opt 31-1064] SRL Remap converted 0 SRLs to 0 registers and converted 0 registers of register chains to 0 SRLs
Phase 7 Shift Register Optimization | Checksum: 1f51af11d

Time (s): cpu = 00:00:00 ; elapsed = 00:00:00.081 . Memory (MB): peak = 1939.840 ; gain = 0.000
Shift Register Optimization | Checksum: 1f51af11d
INFO: [Opt 31-389] Phase Shift Register Optimization created 0 cells and removed 0 cells

Phase 8 Post Processing Netlist
Phase 8 Post Processing Netlist | Checksum: 1c2064e64

Time (s): cpu = 00:00:00 ; elapsed = 00:00:00.084 . Memory (MB): peak = 1939.840 ; gain = 0.000
Post Processing Netlist | Checksum: 1c2064e64
INFO: [Opt 31-389] Phase Post Processing Netlist created 0 cells and removed 0 cells

Phase 9 Finalization

Phase 9.1 Finalizing Design Cores and Updating Shapes
Phase 9.1 Finalizing Design Cores and Updating Shapes | Checksum: 1c33550c6

Time (s): cpu = 00:00:00 ; elapsed = 00:00:00.107 . Memory (MB): peak = 1939.840 ; gain = 0.000

Phase 9.2 Verifying Netlist Connectivity

Starting Connectivity Check Task

Time (s): cpu = 00:00:00 ; elapsed = 00:00:00.007 . Memory (MB): peak = 1939.840 ; gain = 0.000
Phase 9.2 Verifying Netlist Connectivity | Checksum: 1c33550c6

Time (s): cpu = 00:00:00 ; elapsed = 00:00:00.114 . Memory (MB): peak = 1939.840 ; gain = 0.000
Phase 9 Finalization | Checksum: 1c33550c6

Time (s): cpu = 00:00:00 ; elapsed = 00:00:00.115 . Memory (MB): peak = 1939.840 ; gain = 0.000
Opt_design Change Summary
=========================


-------------------------------------------------------------------------------------------------------------------------
|  Phase                        |  #Cells created  |  #Cells Removed  |  #Constrained objects preventing optimizations  |
-------------------------------------------------------------------------------------------------------------------------
|  Retarget                     |               0  |              24  |                                              0  |
|  Constant propagation         |               0  |               0  |                                              0  |
|  Sweep                        |               8  |               0  |                                              0  |
|  BUFG optimization            |               0  |               0  |                                              0  |
|  Shift Register Optimization  |               0  |               0  |                                              0  |
|  Post Processing Netlist      |               0  |               0  |                                              0  |
-------------------------------------------------------------------------------------------------------------------------


Ending Logic Optimization Task | Checksum: 1c33550c6

Time (s): cpu = 00:00:00 ; elapsed = 00:00:00.116 . Memory (MB): peak = 1939.840 ; gain = 0.000

Starting Power Optimization Task
INFO: [Pwropt 34-132] Skipping clock gating for clocks with a period < 2.00 ns.
Ending Power Optimization Task | Checksum: 1c33550c6

Time (s): cpu = 00:00:00 ; elapsed = 00:00:00.007 . Memory (MB): peak = 1939.840 ; gain = 0.000

Starting Final Cleanup Task
Ending Final Cleanup Task | Checksum: 1c33550c6

Time (s): cpu = 00:00:00 ; elapsed = 00:00:00 . Memory (MB): peak = 1939.840 ; gain = 0.000
Netlist sorting complete. Time (s): cpu = 00:00:00 ; elapsed = 00:00:00.001 . Memory (MB): peak = 1939.840 ; gain = 0.000
INFO: [Common 17-83] Releasing license: Implementation
35 Infos, 101 Warnings, 101 Critical Warnings and 0 Errors encountered.
opt_design completed successfully
opt_design: Time (s): cpu = 00:00:06 ; elapsed = 00:00:06 . Memory (MB): peak = 1939.840 ; gain = 968.000
INFO: [Vivado 12-24828] Executing command : report_drc -file top_drc_opted.rpt -pb top_drc_opted.pb -rpx top_drc_opted.rpx
Command: report_drc -file top_drc_opted.rpt -pb top_drc_opted.pb -rpx top_drc_opted.rpx
INFO: [IP_Flow 19-1839] IP Catalog is up to date.
INFO: [DRC 23-27] Running DRC with 2 threads
INFO: [Vivado_Tcl 2-168] The results of DRC are in file E:/Projects/FPGAs/zynq_z015/bringup/bringup.runs/impl_1/top_drc_opted.rpt.
report_drc completed successfully
INFO: [Timing 38-480] Writing timing data to binary archive.
Wrote PlaceDB: Time (s): cpu = 00:00:00 ; elapsed = 00:00:00 . Memory (MB): peak = 1939.840 ; gain = 0.000
Wrote PulsedLatchDB: Time (s): cpu = 00:00:00 ; elapsed = 00:00:00 . Memory (MB): peak = 1939.840 ; gain = 0.000
Writing XDEF routing.
Write ShapeDB Complete: Time (s): cpu = 00:00:00 ; elapsed = 00:00:00.003 . Memory (MB): peak = 1939.840 ; gain = 0.000
Writing XDEF routing logical nets.
Writing XDEF routing special nets.
Wrote RouteStorage: Time (s): cpu = 00:00:00 ; elapsed = 00:00:00.015 . Memory (MB): peak = 1939.840 ; gain = 0.000
Wrote PlaceStorage: Time (s): cpu = 00:00:00 ; elapsed = 00:00:00.006 . Memory (MB): peak = 1939.840 ; gain = 0.000
Wrote Netlist Cache: Time (s): cpu = 00:00:00 ; elapsed = 00:00:00.001 . Memory (MB): peak = 1939.840 ; gain = 0.000
Wrote Device Cache: Time (s): cpu = 00:00:00 ; elapsed = 00:00:00.006 . Memory (MB): peak = 1939.840 ; gain = 0.000
Write Physdb Complete: Time (s): cpu = 00:00:00 ; elapsed = 00:00:00.031 . Memory (MB): peak = 1939.840 ; gain = 0.000
INFO: [Common 17-1381] The checkpoint 'E:/Projects/FPGAs/zynq_z015/bringup/bringup.runs/impl_1/top_opt.dcp' has been generated.
Command: place_design
Attempting to get a license for feature 'Implementation' and/or device 'xc7z015'
INFO: [Common 17-349] Got license for feature 'Implementation' and/or device 'xc7z015'
INFO: [Common 17-83] Releasing license: Implementation
INFO: [DRC 23-27] Running DRC with 2 threads
INFO: [Vivado_Tcl 4-198] DRC finished with 0 Errors
INFO: [Vivado_Tcl 4-199] Please refer to the DRC report (report_drc) for more information.
INFO: [Timing 38-35] Done setting XDC timing constraints.
Running DRC as a precondition to command place_design
INFO: [DRC 23-27] Running DRC with 2 threads
INFO: [Vivado_Tcl 4-198] DRC finished with 0 Errors
INFO: [Vivado_Tcl 4-199] Please refer to the DRC report (report_drc) for more information.
INFO: [Place 30-611] Multithreading enabled for place_design using a maximum of 2 CPUs

Starting Placer Task

Phase 1 Placer Initialization

Phase 1.1 Placer Initialization Netlist Sorting
Netlist sorting complete. Time (s): cpu = 00:00:00 ; elapsed = 00:00:00 . Memory (MB): peak = 1939.840 ; gain = 0.000
Phase 1.1 Placer Initialization Netlist Sorting | Checksum: 19e10fdbb

Time (s): cpu = 00:00:00 ; elapsed = 00:00:00.002 . Memory (MB): peak = 1939.840 ; gain = 0.000
Netlist sorting complete. Time (s): cpu = 00:00:00 ; elapsed = 00:00:00 . Memory (MB): peak = 1939.840 ; gain = 0.000

Phase 1.2 IO Placement/ Clock Placement/ Build Placer Device
Phase 1.2 IO Placement/ Clock Placement/ Build Placer Device | Checksum: 1c85e5f58

Time (s): cpu = 00:00:01 ; elapsed = 00:00:00.256 . Memory (MB): peak = 1939.840 ; gain = 0.000

Phase 1.3 Build Placer Netlist Model
WARNING: [Place 30-2953] Timing driven mode will be turned off because no critical terminals were found.
Phase 1.3 Build Placer Netlist Model | Checksum: 20ed43da1

Time (s): cpu = 00:00:01 ; elapsed = 00:00:00.314 . Memory (MB): peak = 1939.840 ; gain = 0.000

Phase 1.4 Constrain Clocks/Macros
Phase 1.4 Constrain Clocks/Macros | Checksum: 20ed43da1

Time (s): cpu = 00:00:01 ; elapsed = 00:00:00.317 . Memory (MB): peak = 1939.840 ; gain = 0.000
Phase 1 Placer Initialization | Checksum: 20ed43da1

Time (s): cpu = 00:00:01 ; elapsed = 00:00:00.326 . Memory (MB): peak = 1939.840 ; gain = 0.000

Phase 2 Global Placement

Phase 2.1 Floorplanning
Phase 2.1 Floorplanning | Checksum: 20ed43da1

Time (s): cpu = 00:00:01 ; elapsed = 00:00:00.337 . Memory (MB): peak = 1939.840 ; gain = 0.000

Phase 2.2 Update Timing before SLR Path Opt
Phase 2.2 Update Timing before SLR Path Opt | Checksum: 20ed43da1

Time (s): cpu = 00:00:01 ; elapsed = 00:00:00.339 . Memory (MB): peak = 1939.840 ; gain = 0.000

Phase 2.3 Post-Processing in Floorplanning
Phase 2.3 Post-Processing in Floorplanning | Checksum: 20ed43da1

Time (s): cpu = 00:00:01 ; elapsed = 00:00:00.340 . Memory (MB): peak = 1939.840 ; gain = 0.000

Phase 2.4 Global Place Phase1
Phase 2.4 Global Place Phase1 | Checksum: 22e8a42f2

Time (s): cpu = 00:00:01 ; elapsed = 00:00:00.404 . Memory (MB): peak = 1939.840 ; gain = 0.000

Phase 2.5 Global Place Phase2
WARNING: [Place 46-29] Timing had been disabled during Placer and, therefore, physical synthesis in Placer will be skipped.
Phase 2.5 Global Place Phase2 | Checksum: 26ffab9f1

Time (s): cpu = 00:00:01 ; elapsed = 00:00:00.448 . Memory (MB): peak = 1939.840 ; gain = 0.000
Phase 2 Global Placement | Checksum: 26ffab9f1

Time (s): cpu = 00:00:01 ; elapsed = 00:00:00.452 . Memory (MB): peak = 1939.840 ; gain = 0.000

Phase 3 Detail Placement

Phase 3.1 Commit Multi Column Macros
Phase 3.1 Commit Multi Column Macros | Checksum: 26ffab9f1

Time (s): cpu = 00:00:01 ; elapsed = 00:00:00.455 . Memory (MB): peak = 1939.840 ; gain = 0.000

Phase 3.2 Commit Most Macros & LUTRAMs
Phase 3.2 Commit Most Macros & LUTRAMs | Checksum: 1e0fd0e36

Time (s): cpu = 00:00:01 ; elapsed = 00:00:00.463 . Memory (MB): peak = 1939.840 ; gain = 0.000

Phase 3.3 Area Swap Optimization
Phase 3.3 Area Swap Optimization | Checksum: 25eb7ddc3

Time (s): cpu = 00:00:01 ; elapsed = 00:00:00.467 . Memory (MB): peak = 1939.840 ; gain = 0.000

Phase 3.4 Pipeline Register Optimization
Phase 3.4 Pipeline Register Optimization | Checksum: 25eb7ddc3

Time (s): cpu = 00:00:01 ; elapsed = 00:00:00.468 . Memory (MB): peak = 1939.840 ; gain = 0.000

Phase 3.5 Small Shape Detail Placement
Phase 3.5 Small Shape Detail Placement | Checksum: 273b69ec2

Time (s): cpu = 00:00:01 ; elapsed = 00:00:00.540 . Memory (MB): peak = 1939.840 ; gain = 0.000

Phase 3.6 Re-assign LUT pins
Phase 3.6 Re-assign LUT pins | Checksum: 273b69ec2

Time (s): cpu = 00:00:01 ; elapsed = 00:00:00.544 . Memory (MB): peak = 1939.840 ; gain = 0.000

Phase 3.7 Pipeline Register Optimization
Phase 3.7 Pipeline Register Optimization | Checksum: 273b69ec2

Time (s): cpu = 00:00:01 ; elapsed = 00:00:00.545 . Memory (MB): peak = 1939.840 ; gain = 0.000
Phase 3 Detail Placement | Checksum: 273b69ec2

Time (s): cpu = 00:00:01 ; elapsed = 00:00:00.546 . Memory (MB): peak = 1939.840 ; gain = 0.000

Phase 4 Post Placement Optimization and Clean-Up

Phase 4.1 Post Commit Optimization
Phase 4.1 Post Commit Optimization | Checksum: 273b69ec2

Time (s): cpu = 00:00:01 ; elapsed = 00:00:00.588 . Memory (MB): peak = 1939.840 ; gain = 0.000

Phase 4.2 Post Placement Cleanup
Phase 4.2 Post Placement Cleanup | Checksum: 273b69ec2

Time (s): cpu = 00:00:01 ; elapsed = 00:00:00.592 . Memory (MB): peak = 1939.840 ; gain = 0.000

Phase 4.3 Placer Reporting

Phase 4.3.1 Print Estimated Congestion
INFO: [Place 30-612] Post-Placement Estimated Congestion 
 ____________________________________________________
|           | Global Congestion | Short Congestion  |
| Direction | Region Size       | Region Size       |
|___________|___________________|___________________|
|      North|                1x1|                1x1|
|___________|___________________|___________________|
|      South|                1x1|                1x1|
|___________|___________________|___________________|
|       East|                1x1|                1x1|
|___________|___________________|___________________|
|       West|                1x1|                1x1|
|___________|___________________|___________________|

Phase 4.3.1 Print Estimated Congestion | Checksum: 273b69ec2

Time (s): cpu = 00:00:01 ; elapsed = 00:00:00.593 . Memory (MB): peak = 1939.840 ; gain = 0.000
Phase 4.3 Placer Reporting | Checksum: 273b69ec2

Time (s): cpu = 00:00:01 ; elapsed = 00:00:00.594 . Memory (MB): peak = 1939.840 ; gain = 0.000

Phase 4.4 Final Placement Cleanup
Netlist sorting complete. Time (s): cpu = 00:00:00 ; elapsed = 00:00:00 . Memory (MB): peak = 1939.840 ; gain = 0.000

Time (s): cpu = 00:00:01 ; elapsed = 00:00:00.594 . Memory (MB): peak = 1939.840 ; gain = 0.000
Phase 4 Post Placement Optimization and Clean-Up | Checksum: 273b0d694

Time (s): cpu = 00:00:01 ; elapsed = 00:00:00.595 . Memory (MB): peak = 1939.840 ; gain = 0.000
Ending Placer Task | Checksum: 19c8f181d

Time (s): cpu = 00:00:01 ; elapsed = 00:00:00.596 . Memory (MB): peak = 1939.840 ; gain = 0.000
52 Infos, 103 Warnings, 101 Critical Warnings and 0 Errors encountered.
place_design completed successfully
INFO: [Vivado 12-24838] Running report commands "report_control_sets, report_io, report_utilization" in parallel.
Running report generation with 2 threads.
INFO: [Vivado 12-24828] Executing command : report_utilization -file top_utilization_placed.rpt -pb top_utilization_placed.pb
INFO: [Vivado 12-24828] Executing command : report_control_sets -verbose -file top_control_sets_placed.rpt
report_control_sets: Time (s): cpu = 00:00:00 ; elapsed = 00:00:00.001 . Memory (MB): peak = 1939.840 ; gain = 0.000
INFO: [Vivado 12-24828] Executing command : report_io -file top_io_placed.rpt
report_io: Time (s): cpu = 00:00:00 ; elapsed = 00:00:00.069 . Memory (MB): peak = 1939.840 ; gain = 0.000
INFO: [Timing 38-480] Writing timing data to binary archive.
Wrote PlaceDB: Time (s): cpu = 00:00:00 ; elapsed = 00:00:00 . Memory (MB): peak = 1939.840 ; gain = 0.000
Wrote PulsedLatchDB: Time (s): cpu = 00:00:00 ; elapsed = 00:00:00 . Memory (MB): peak = 1939.840 ; gain = 0.000
Writing XDEF routing.
Write ShapeDB Complete: Time (s): cpu = 00:00:00 ; elapsed = 00:00:00.003 . Memory (MB): peak = 1939.840 ; gain = 0.000
Writing XDEF routing logical nets.
Writing XDEF routing special nets.
Wrote RouteStorage: Time (s): cpu = 00:00:00 ; elapsed = 00:00:00.015 . Memory (MB): peak = 1939.840 ; gain = 0.000
Wrote PlaceStorage: Time (s): cpu = 00:00:00 ; elapsed = 00:00:00.007 . Memory (MB): peak = 1939.840 ; gain = 0.000
Wrote Netlist Cache: Time (s): cpu = 00:00:00 ; elapsed = 00:00:00.001 . Memory (MB): peak = 1939.840 ; gain = 0.000
Wrote Device Cache: Time (s): cpu = 00:00:00 ; elapsed = 00:00:00.006 . Memory (MB): peak = 1939.840 ; gain = 0.000
Write Physdb Complete: Time (s): cpu = 00:00:00 ; elapsed = 00:00:00.033 . Memory (MB): peak = 1939.840 ; gain = 0.000
INFO: [Common 17-1381] The checkpoint 'E:/Projects/FPGAs/zynq_z015/bringup/bringup.runs/impl_1/top_placed.dcp' has been generated.
Command: phys_opt_design
Attempting to get a license for feature 'Implementation' and/or device 'xc7z015'
INFO: [Common 17-349] Got license for feature 'Implementation' and/or device 'xc7z015'

Starting Initial Update Timing Task
INFO: [Timing 38-35] Done setting XDC timing constraints.

Time (s): cpu = 00:00:00 ; elapsed = 00:00:00.027 . Memory (MB): peak = 1939.840 ; gain = 0.000
INFO: [Vivado_Tcl 4-2279] Estimated Timing Summary | WNS= 0.000 | TNS= 0.000 | 
INFO: [Vivado_Tcl 4-383] Design worst setup slack (WNS) is greater than or equal to 0.000 ns. All physical synthesis setup optimizations will be skipped.
INFO: [Vivado_Tcl 4-232] No setup violation found. The netlist was not modified.
INFO: [Common 17-83] Releasing license: Implementation
64 Infos, 103 Warnings, 101 Critical Warnings and 0 Errors encountered.
phys_opt_design completed successfully
INFO: [Timing 38-480] Writing timing data to binary archive.
Wrote PlaceDB: Time (s): cpu = 00:00:00 ; elapsed = 00:00:00 . Memory (MB): peak = 1939.840 ; gain = 0.000
Wrote PulsedLatchDB: Time (s): cpu = 00:00:00 ; elapsed = 00:00:00 . Memory (MB): peak = 1939.840 ; gain = 0.000
Writing XDEF routing.
Write ShapeDB Complete: Time (s): cpu = 00:00:00 ; elapsed = 00:00:00.004 . Memory (MB): peak = 1939.840 ; gain = 0.000
Writing XDEF routing logical nets.
Writing XDEF routing special nets.
Wrote RouteStorage: Time (s): cpu = 00:00:00 ; elapsed = 00:00:00.015 . Memory (MB): peak = 1939.840 ; gain = 0.000
Wrote PlaceStorage: Time (s): cpu = 00:00:00 ; elapsed = 00:00:00.007 . Memory (MB): peak = 1939.840 ; gain = 0.000
Wrote Netlist Cache: Time (s): cpu = 00:00:00 ; elapsed = 00:00:00 . Memory (MB): peak = 1939.840 ; gain = 0.000
Wrote Device Cache: Time (s): cpu = 00:00:00 ; elapsed = 00:00:00.005 . Memory (MB): peak = 1939.840 ; gain = 0.000
Write Physdb Complete: Time (s): cpu = 00:00:00 ; elapsed = 00:00:00.033 . Memory (MB): peak = 1939.840 ; gain = 0.000
INFO: [Common 17-1381] The checkpoint 'E:/Projects/FPGAs/zynq_z015/bringup/bringup.runs/impl_1/top_physopt.dcp' has been generated.
Command: route_design
Attempting to get a license for feature 'Implementation' and/or device 'xc7z015'
INFO: [Common 17-349] Got license for feature 'Implementation' and/or device 'xc7z015'


Starting Routing Task
INFO: [Route 35-254] Multithreading enabled for route_design using a maximum of 2 CPUs

Phase 1 Build RT Design
Checksum: PlaceDB: a894ffc6 ConstDB: 0 ShapeSum: 7f42341f RouteDB: 74b7e438
Post Restoration Checksum: NetGraph: 695f929e | NumContArr: 6fc42774 | Constraints: c2a8fa9d | Timing: c2a8fa9d
Phase 1 Build RT Design | Checksum: 25e75af4c

Time (s): cpu = 00:00:11 ; elapsed = 00:00:11 . Memory (MB): peak = 1939.840 ; gain = 0.000

Phase 2 Router Initialization

Phase 2.1 Fix Topology Constraints
Phase 2.1 Fix Topology Constraints | Checksum: 25e75af4c

Time (s): cpu = 00:00:11 ; elapsed = 00:00:11 . Memory (MB): peak = 1939.840 ; gain = 0.000

Phase 2.2 Pre Route Cleanup
Phase 2.2 Pre Route Cleanup | Checksum: 25e75af4c

Time (s): cpu = 00:00:11 ; elapsed = 00:00:11 . Memory (MB): peak = 1939.840 ; gain = 0.000
 Number of Nodes with overlaps = 0

Phase 2.3 Update Timing
Phase 2.3 Update Timing | Checksum: 258385146

Time (s): cpu = 00:00:11 ; elapsed = 00:00:11 . Memory (MB): peak = 1939.840 ; gain = 0.000

Phase 2.4 Soft Constraint Pins - Fast Budgeting
Phase 2.4 Soft Constraint Pins - Fast Budgeting | Checksum: 258385146

Time (s): cpu = 00:00:11 ; elapsed = 00:00:11 . Memory (MB): peak = 1939.840 ; gain = 0.000

Router Utilization Summary
  Global Vertical Routing Utilization    = 0 %
  Global Horizontal Routing Utilization  = 0 %
  Routable Net Status*
  *Does not include unroutable nets such as driverless and loadless.
  Run report_route_status for detailed report.
  Number of Failed Nets               = 185
    (Failed Nets is the sum of unrouted and partially routed nets)
  Number of Unrouted Nets             = 185
  Number of Partially Routed Nets     = 0
  Number of Node Overlaps             = 0

Phase 2 Router Initialization | Checksum: 258385146

Time (s): cpu = 00:00:11 ; elapsed = 00:00:11 . Memory (MB): peak = 1939.840 ; gain = 0.000

Phase 3 Global Routing
Phase 3 Global Routing | Checksum: 258385146

Time (s): cpu = 00:00:11 ; elapsed = 00:00:11 . Memory (MB): peak = 1939.840 ; gain = 0.000

Phase 4 Initial Routing

Phase 4.1 Initial Net Routing Pass
Phase 4.1 Initial Net Routing Pass | Checksum: 257a07296

Time (s): cpu = 00:00:12 ; elapsed = 00:00:11 . Memory (MB): peak = 1939.840 ; gain = 0.000
Phase 4 Initial Routing | Checksum: 257a07296

Time (s): cpu = 00:00:12 ; elapsed = 00:00:11 . Memory (MB): peak = 1939.840 ; gain = 0.000

Phase 5 Rip-up And Reroute

Phase 5.1 Global Iteration 0
 Number of Nodes with overlaps = 0
Phase 5.1 Global Iteration 0 | Checksum: 2ef1b439b

Time (s): cpu = 00:00:12 ; elapsed = 00:00:11 . Memory (MB): peak = 1939.840 ; gain = 0.000
Phase 5 Rip-up And Reroute | Checksum: 2ef1b439b

Time (s): cpu = 00:00:12 ; elapsed = 00:00:11 . Memory (MB): peak = 1939.840 ; gain = 0.000

Phase 6 Delay and Skew Optimization

Phase 6.1 Delay CleanUp
Phase 6.1 Delay CleanUp | Checksum: 2ef1b439b

Time (s): cpu = 00:00:12 ; elapsed = 00:00:11 . Memory (MB): peak = 1939.840 ; gain = 0.000

Phase 6.2 Clock Skew Optimization
Phase 6.2 Clock Skew Optimization | Checksum: 2ef1b439b

Time (s): cpu = 00:00:12 ; elapsed = 00:00:11 . Memory (MB): peak = 1939.840 ; gain = 0.000
Phase 6 Delay and Skew Optimization | Checksum: 2ef1b439b

Time (s): cpu = 00:00:12 ; elapsed = 00:00:11 . Memory (MB): peak = 1939.840 ; gain = 0.000

Phase 7 Post Hold Fix

Phase 7.1 Hold Fix Iter
Phase 7.1 Hold Fix Iter | Checksum: 2ef1b439b

Time (s): cpu = 00:00:12 ; elapsed = 00:00:11 . Memory (MB): peak = 1939.840 ; gain = 0.000
Phase 7 Post Hold Fix | Checksum: 2ef1b439b

Time (s): cpu = 00:00:12 ; elapsed = 00:00:11 . Memory (MB): peak = 1939.840 ; gain = 0.000

Phase 8 Route finalize

Router Utilization Summary
  Global Vertical Routing Utilization    = 0.00683234 %
  Global Horizontal Routing Utilization  = 0.00681011 %
  Routable Net Status*
  *Does not include unroutable nets such as driverless and loadless.
  Run report_route_status for detailed report.
  Number of Failed Nets               = 0
    (Failed Nets is the sum of unrouted and partially routed nets)
  Number of Unrouted Nets             = 0
  Number of Partially Routed Nets     = 0
  Number of Node Overlaps             = 0

Phase 8 Route finalize | Checksum: 2ef1b439b

Time (s): cpu = 00:00:12 ; elapsed = 00:00:11 . Memory (MB): peak = 1939.840 ; gain = 0.000

Phase 9 Verifying routed nets

 Verification completed successfully
Phase 9 Verifying routed nets | Checksum: 2ef1b439b

Time (s): cpu = 00:00:12 ; elapsed = 00:00:11 . Memory (MB): peak = 1939.840 ; gain = 0.000

Phase 10 Depositing Routes
Phase 10 Depositing Routes | Checksum: 20e2c112c

Time (s): cpu = 00:00:12 ; elapsed = 00:00:11 . Memory (MB): peak = 1939.840 ; gain = 0.000

Phase 11 Post Process Routing
Phase 11 Post Process Routing | Checksum: 20e2c112c

Time (s): cpu = 00:00:12 ; elapsed = 00:00:11 . Memory (MB): peak = 1939.840 ; gain = 0.000

Phase 12 Post Router Timing
Phase 12 Post Router Timing | Checksum: 20e2c112c

Time (s): cpu = 00:00:12 ; elapsed = 00:00:11 . Memory (MB): peak = 1939.840 ; gain = 0.000
Total Elapsed time in route_design: 11.082 secs

Phase 13 Post-Route Event Processing
Phase 13 Post-Route Event Processing | Checksum: 1ab4dddab

Time (s): cpu = 00:00:12 ; elapsed = 00:00:11 . Memory (MB): peak = 1939.840 ; gain = 0.000
INFO: [Route 35-16] Router Completed Successfully
Ending Routing Task | Checksum: 1ab4dddab

Time (s): cpu = 00:00:12 ; elapsed = 00:00:11 . Memory (MB): peak = 1939.840 ; gain = 0.000

Routing Is Done.
INFO: [Common 17-83] Releasing license: Implementation
70 Infos, 103 Warnings, 101 Critical Warnings and 0 Errors encountered.
route_design completed successfully
route_design: Time (s): cpu = 00:00:12 ; elapsed = 00:00:11 . Memory (MB): peak = 1939.840 ; gain = 0.000
INFO: [Vivado 12-24828] Executing command : report_drc -file top_drc_routed.rpt -pb top_drc_routed.pb -rpx top_drc_routed.rpx
Command: report_drc -file top_drc_routed.rpt -pb top_drc_routed.pb -rpx top_drc_routed.rpx
INFO: [IP_Flow 19-1839] IP Catalog is up to date.
INFO: [DRC 23-27] Running DRC with 2 threads
INFO: [Vivado_Tcl 2-168] The results of DRC are in file E:/Projects/FPGAs/zynq_z015/bringup/bringup.runs/impl_1/top_drc_routed.rpt.
report_drc completed successfully
INFO: [Vivado 12-24828] Executing command : report_methodology -file top_methodology_drc_routed.rpt -pb top_methodology_drc_routed.pb -rpx top_methodology_drc_routed.rpx
Command: report_methodology -file top_methodology_drc_routed.rpt -pb top_methodology_drc_routed.pb -rpx top_methodology_drc_routed.rpx
INFO: [Timing 38-35] Done setting XDC timing constraints.
INFO: [DRC 23-133] Running Methodology with 2 threads
INFO: [Vivado_Tcl 2-1520] The results of Report Methodology are in file E:/Projects/FPGAs/zynq_z015/bringup/bringup.runs/impl_1/top_methodology_drc_routed.rpt.
report_methodology completed successfully
INFO: [Vivado 12-24828] Executing command : report_timing_summary -max_paths 10 -routable_nets -report_unconstrained -file top_timing_summary_routed.rpt -pb top_timing_summary_routed.pb -rpx top_timing_summary_routed.rpx -warn_on_violation 
INFO: [Timing 38-35] Done setting XDC timing constraints.
INFO: [Timing 38-91] UpdateTimingParams: Speed grade: -2, Delay Type: min_max.
INFO: [Timing 38-191] Multithreading enabled for timing update using a maximum of 2 CPUs
INFO: [Vivado 12-24838] Running report commands "report_incremental_reuse, report_route_status" in parallel.
Running report generation with 2 threads.
INFO: [Vivado 12-24828] Executing command : report_incremental_reuse -file top_incremental_reuse_routed.rpt
INFO: [Vivado_Tcl 4-1062] Incremental flow is disabled. No incremental reuse Info to report.
INFO: [Vivado 12-24828] Executing command : report_route_status -file top_route_status.rpt -pb top_route_status.pb
INFO: [Vivado 12-24828] Executing command : report_power -file top_power_routed.rpt -pb top_power_summary_routed.pb -rpx top_power_routed.rpx
Command: report_power -file top_power_routed.rpt -pb top_power_summary_routed.pb -rpx top_power_routed.rpx
Running Vector-less Activity Propagation...

Finished Running Vector-less Activity Propagation
87 Infos, 103 Warnings, 101 Critical Warnings and 0 Errors encountered.
report_power completed successfully
INFO: [Vivado 12-24828] Executing command : report_clock_utilization -file top_clock_utilization_routed.rpt
INFO: [Vivado 12-24828] Executing command : report_bus_skew -warn_on_violation -file top_bus_skew_routed.rpt -pb top_bus_skew_routed.pb -rpx top_bus_skew_routed.rpx
INFO: [Timing 38-91] UpdateTimingParams: Speed grade: -2, Delay Type: min_max.
INFO: [Timing 38-191] Multithreading enabled for timing update using a maximum of 2 CPUs
Wrote PlaceDB: Time (s): cpu = 00:00:00 ; elapsed = 00:00:00 . Memory (MB): peak = 1939.840 ; gain = 0.000
INFO: [Timing 38-480] Writing timing data to binary archive.
Wrote PulsedLatchDB: Time (s): cpu = 00:00:00 ; elapsed = 00:00:00 . Memory (MB): peak = 1939.840 ; gain = 0.000
Writing XDEF routing.
Write ShapeDB Complete: Time (s): cpu = 00:00:00 ; elapsed = 00:00:00.003 . Memory (MB): peak = 1939.840 ; gain = 0.000
Writing XDEF routing logical nets.
Writing XDEF routing special nets.
Wrote RouteStorage: Time (s): cpu = 00:00:00 ; elapsed = 00:00:00.020 . Memory (MB): peak = 1939.840 ; gain = 0.000
Wrote PlaceStorage: Time (s): cpu = 00:00:00 ; elapsed = 00:00:00.008 . Memory (MB): peak = 1939.840 ; gain = 0.000
Wrote Netlist Cache: Time (s): cpu = 00:00:00 ; elapsed = 00:00:00.001 . Memory (MB): peak = 1939.840 ; gain = 0.000
Wrote Device Cache: Time (s): cpu = 00:00:00 ; elapsed = 00:00:00.006 . Memory (MB): peak = 1939.840 ; gain = 0.000
Write Physdb Complete: Time (s): cpu = 00:00:00 ; elapsed = 00:00:00.039 . Memory (MB): peak = 1939.840 ; gain = 0.000
INFO: [Common 17-1381] The checkpoint 'E:/Projects/FPGAs/zynq_z015/bringup/bringup.runs/impl_1/top_routed.dcp' has been generated.
Command: write_bitstream -force top.bit
Attempting to get a license for feature 'Implementation' and/or device 'xc7z015'
INFO: [Common 17-349] Got license for feature 'Implementation' and/or device 'xc7z015'
Running DRC as a precondition to command write_bitstream
INFO: [IP_Flow 19-1839] IP Catalog is up to date.
INFO: [DRC 23-27] Running DRC with 2 threads
INFO: [Vivado 12-3199] DRC finished with 0 Errors
INFO: [Vivado 12-3200] Please refer to the DRC report (report_drc) for more information.
Integrating Hard IP ELF/MEM with the PDI.
INFO: [Designutils 20-2272] Running write_bitstream with 2 threads.
Loading data files...
Loading site data...
Loading route data...
Processing options...
Creating bitmap...
Creating bitstream...
Writing bitstream ./top.bit...
INFO: [Vivado 12-1842] Bitgen Completed Successfully.
INFO: [Common 17-83] Releasing license: Implementation
101 Infos, 103 Warnings, 101 Critical Warnings and 0 Errors encountered.
write_bitstream completed successfully
write_bitstream: Time (s): cpu = 00:00:07 ; elapsed = 00:00:06 . Memory (MB): peak = 2192.309 ; gain = 252.469
INFO: [Common 17-206] Exiting Vivado at Wed Jul  1 22:31:48 2026...

*** Running vivado
    with args -log top.vdi -applog -m64 -product Vivado -messageDb vivado.pb -mode batch -source top.tcl -notrace



****** Vivado v2025.2 (64-bit)
  **** SW Build 6299465 on Fri Nov 14 19:35:11 GMT 2025
  **** IP Build 6300035 on Fri Nov 14 10:48:45 MST 2025
  **** SharedData Build 6298862 on Thu Nov 13 04:50:51 MST 2025
  **** Start of session at: Mon Jul  6 19:29:21 2026
    ** Copyright 1986-2022 Xilinx, Inc. All Rights Reserved.
    ** Copyright 2022-2025 Advanced Micro Devices, Inc. All Rights Reserved.

source top.tcl -notrace
Command: open_checkpoint top_routed.dcp
INFO: [Device 21-403] Loading part xc7z015clg485-2
Netlist sorting complete. Time (s): cpu = 00:00:00 ; elapsed = 00:00:00.006 . Memory (MB): peak = 808.098 ; gain = 0.000
INFO: [Netlist 29-17] Analyzing 7 Unisim elements for replacement
INFO: [Netlist 29-28] Unisim Transformation completed in 0 CPU seconds
INFO: [Project 1-479] Netlist was created with Vivado 2025.2
INFO: [Project 1-570] Preparing netlist for logic optimization
Read ShapeDB Complete: Time (s): cpu = 00:00:00 ; elapsed = 00:00:00.006 . Memory (MB): peak = 903.363 ; gain = 0.133
INFO: [Timing 38-478] Restoring timing data from binary archive.
INFO: [Timing 38-479] Binary timing data restore complete.
INFO: [Project 1-856] Restoring constraints from binary archive.
INFO: [Project 1-853] Binary constraint restore complete.
INFO: [Designutils 20-5722] Start Reading Physical Databases.
Reading placement.
Read Netlist Cache: Time (s): cpu = 00:00:00 ; elapsed = 00:00:00.001 . Memory (MB): peak = 1447.988 ; gain = 0.000
Reading placer database...
Read Device Cache: Time (s): cpu = 00:00:00 ; elapsed = 00:00:00.009 . Memory (MB): peak = 1447.988 ; gain = 0.000
Read PlaceDB: Time (s): cpu = 00:00:00 ; elapsed = 00:00:00 . Memory (MB): peak = 1447.988 ; gain = 0.000
Read placeStorage: Time (s): cpu = 00:00:00 ; elapsed = 00:00:00.049 . Memory (MB): peak = 1447.988 ; gain = 0.000
Read PulsedLatchDB: Time (s): cpu = 00:00:00 ; elapsed = 00:00:00 . Memory (MB): peak = 1447.988 ; gain = 0.000
Reading routing.
Read RouteStorage: Time (s): cpu = 00:00:00 ; elapsed = 00:00:00.014 . Memory (MB): peak = 1447.988 ; gain = 0.000
Read Physdb Files: Time (s): cpu = 00:00:00 ; elapsed = 00:00:00.083 . Memory (MB): peak = 1447.988 ; gain = 0.000
Restored from archive | CPU: 0.000000 secs | Memory: 0.000000 MB |
Finished XDEF File Restore: Time (s): cpu = 00:00:00 ; elapsed = 00:00:00.117 . Memory (MB): peak = 1447.988 ; gain = 6.938
Netlist sorting complete. Time (s): cpu = 00:00:00 ; elapsed = 00:00:00 . Memory (MB): peak = 1447.988 ; gain = 0.000
INFO: [Project 1-111] Unisim Transformation Summary:
No Unisim elements were transformed.

INFO: [Project 1-604] Checkpoint was created with Vivado v2025.2 (64-bit) build 6299465
WARNING: [Vivado 12-23575] Critical violations of the methodology design rules detected. Critical violations may contribute to timing failures or cause functional issues in hardware. Run report_methodology for more information.
open_checkpoint: Time (s): cpu = 00:00:11 ; elapsed = 00:00:19 . Memory (MB): peak = 1447.988 ; gain = 1114.691
Command: write_bitstream -force top.bit
Attempting to get a license for feature 'Implementation' and/or device 'xc7z015'
INFO: [Common 17-349] Got license for feature 'Implementation' and/or device 'xc7z015'
Running DRC as a precondition to command write_bitstream
INFO: [IP_Flow 19-234] Refreshing IP repositories
INFO: [IP_Flow 19-1704] No user IP repositories specified
INFO: [IP_Flow 19-2313] Loaded Vivado IP repository 'C:/AMDDesignTools/2025.2/Vivado/data/ip'.
INFO: [DRC 23-27] Running DRC with 2 threads
INFO: [Vivado 12-3199] DRC finished with 0 Errors
INFO: [Vivado 12-3200] Please refer to the DRC report (report_drc) for more information.
Integrating Hard IP ELF/MEM with the PDI.
INFO: [Designutils 20-2272] Running write_bitstream with 2 threads.
Loading data files...
Loading site data...
Loading route data...
Processing options...
Creating bitmap...
Creating bitstream...
Writing bitstream ./top.bit...
INFO: [Vivado 12-1842] Bitgen Completed Successfully.
INFO: [Common 17-83] Releasing license: Implementation
22 Infos, 1 Warnings, 0 Critical Warnings and 0 Errors encountered.
write_bitstream completed successfully
write_bitstream: Time (s): cpu = 00:00:07 ; elapsed = 00:00:08 . Memory (MB): peak = 1966.238 ; gain = 518.250
INFO: [Common 17-206] Exiting Vivado at Mon Jul  6 19:29:51 2026...
