Copyright 1986-2022 Xilinx, Inc. All Rights Reserved. Copyright 2022-2025 Advanced Micro Devices, Inc. All Rights Reserved.
---------------------------------------------------------------------------------------------------------------------------------------------------------------------------------------------------------------------
| Tool Version : Vivado v.2025.2 (win64) Build 6299465 Fri Nov 14 19:35:11 GMT 2025
| Date         : Wed Jul  1 22:31:41 2026
| Host         : ClaysPC running 64-bit major release  (build 9200)
| Command      : report_timing_summary -max_paths 10 -routable_nets -report_unconstrained -file top_timing_summary_routed.rpt -pb top_timing_summary_routed.pb -rpx top_timing_summary_routed.rpx -warn_on_violation
| Design       : top
| Device       : 7z015-clg485
| Speed File   : -2  PRODUCTION 1.12 2019-11-22
| Design State : Routed
---------------------------------------------------------------------------------------------------------------------------------------------------------------------------------------------------------------------

Timing Summary Report

------------------------------------------------------------------------------------------------
| Timer Settings
| --------------
------------------------------------------------------------------------------------------------

  Enable Multi Corner Analysis               :  Yes
  Enable Pessimism Removal                   :  Yes
  Pessimism Removal Resolution               :  Nearest Common Node
  Enable Input Delay Default Clock           :  No
  Enable Preset / Clear Arcs                 :  No
  Disable Flight Delays                      :  No
  Ignore I/O Paths                           :  No
  Timing Early Launch at Borrowing Latches   :  No
  Borrow Time for Max Delay Exceptions       :  Yes
  Merge Timing Exceptions                    :  Yes
  Inter-SLR Compensation                     :  Conservative

  Corner  Analyze    Analyze    
  Name    Max Paths  Min Paths  
  ------  ---------  ---------  
  Slow    Yes        Yes        
  Fast    Yes        Yes        


------------------------------------------------------------------------------------------------
| Report Methodology
| ------------------
------------------------------------------------------------------------------------------------

Rule       Severity          Description                  Violations  
---------  ----------------  ---------------------------  ----------  
TIMING-17  Critical Warning  Non-clocked sequential cell  42          

Note: This report is based on the most recent report_methodology run and may not be up-to-date. Run report_methodology on the current design for the latest report.



check_timing report

Table of Contents
-----------------
1. checking no_clock (42)
2. checking constant_clock (0)
3. checking pulse_width_clock (0)
4. checking unconstrained_internal_endpoints (83)
5. checking no_input_delay (0)
6. checking no_output_delay (8)
7. checking multiple_clock (0)
8. checking generated_clocks (0)
9. checking loops (0)
10. checking partial_input_delay (0)
11. checking partial_output_delay (0)
12. checking latch_loops (0)

1. checking no_clock (42)
-------------------------
 There are 42 register/latch pins with no clock driven by root clock pin: clk_in50M (HIGH)


2. checking constant_clock (0)
------------------------------
 There are 0 register/latch pins with constant_clock.


3. checking pulse_width_clock (0)
---------------------------------
 There are 0 register/latch pins which need pulse_width check


4. checking unconstrained_internal_endpoints (83)
-------------------------------------------------
 There are 83 pins that are not constrained for maximum delay. (HIGH)

 There are 0 pins that are not constrained for maximum delay due to constant clock.


5. checking no_input_delay (0)
------------------------------
 There are 0 input ports with no input delay specified.

 There are 0 input ports with no input delay but user has a false path constraint.


6. checking no_output_delay (8)
-------------------------------
 There are 8 ports with no output delay specified. (HIGH)

 There are 0 ports with no output delay but user has a false path constraint

 There are 0 ports with no output delay but with a timing clock defined on it or propagating through it


7. checking multiple_clock (0)
------------------------------
 There are 0 register/latch pins with multiple clocks.


8. checking generated_clocks (0)
--------------------------------
 There are 0 generated clocks that are not connected to a clock source.


9. checking loops (0)
---------------------
 There are 0 combinational loops in the design.


10. checking partial_input_delay (0)
------------------------------------
 There are 0 input ports with partial input delay specified.


11. checking partial_output_delay (0)
-------------------------------------
 There are 0 ports with partial output delay specified.


12. checking latch_loops (0)
----------------------------
 There are 0 combinational latch loops in the design through latch input



------------------------------------------------------------------------------------------------
| Design Timing Summary
| ---------------------
------------------------------------------------------------------------------------------------

    WNS(ns)      TNS(ns)  TNS Failing Endpoints  TNS Total Endpoints      WHS(ns)      THS(ns)  THS Failing Endpoints  THS Total Endpoints     WPWS(ns)     TPWS(ns)  TPWS Failing Endpoints  TPWS Total Endpoints  
    -------      -------  ---------------------  -------------------      -------      -------  ---------------------  -------------------     --------     --------  ----------------------  --------------------  
        inf        0.000                      0                   91          inf        0.000                      0                   91       18.408        0.000                       0                     1  


All user specified timing constraints are met.


------------------------------------------------------------------------------------------------
| Clock Summary
| -------------
------------------------------------------------------------------------------------------------

Clock       Waveform(ns)       Period(ns)      Frequency(MHz)
-----       ------------       ----------      --------------
clk_fpga_0  {0.000 10.000}     20.000          50.000          


------------------------------------------------------------------------------------------------
| Intra Clock Table
| -----------------
------------------------------------------------------------------------------------------------

Clock             WNS(ns)      TNS(ns)  TNS Failing Endpoints  TNS Total Endpoints      WHS(ns)      THS(ns)  THS Failing Endpoints  THS Total Endpoints     WPWS(ns)     TPWS(ns)  TPWS Failing Endpoints  TPWS Total Endpoints  
-----             -------      -------  ---------------------  -------------------      -------      -------  ---------------------  -------------------     --------     --------  ----------------------  --------------------  
clk_fpga_0                                                                                                                                                     18.408        0.000                       0                     1  


------------------------------------------------------------------------------------------------
| Inter Clock Table
| -----------------
------------------------------------------------------------------------------------------------

From Clock    To Clock          WNS(ns)      TNS(ns)  TNS Failing Endpoints  TNS Total Endpoints      WHS(ns)      THS(ns)  THS Failing Endpoints  THS Total Endpoints  
----------    --------          -------      -------  ---------------------  -------------------      -------      -------  ---------------------  -------------------  


------------------------------------------------------------------------------------------------
| Other Path Groups Table
| -----------------------
------------------------------------------------------------------------------------------------

Path Group    From Clock    To Clock          WNS(ns)      TNS(ns)  TNS Failing Endpoints  TNS Total Endpoints      WHS(ns)      THS(ns)  THS Failing Endpoints  THS Total Endpoints  
----------    ----------    --------          -------      -------  ---------------------  -------------------      -------      -------  ---------------------  -------------------  


------------------------------------------------------------------------------------------------
| User Ignored Path Table
| -----------------------
------------------------------------------------------------------------------------------------

Path Group    From Clock    To Clock    
----------    ----------    --------    


------------------------------------------------------------------------------------------------
| Unconstrained Path Table
| ------------------------
------------------------------------------------------------------------------------------------

Path Group    From Clock    To Clock    
----------    ----------    --------    
(none)                                    


------------------------------------------------------------------------------------------------
| Timing Details
| --------------
------------------------------------------------------------------------------------------------


---------------------------------------------------------------------------------------------------
From Clock:  clk_fpga_0
  To Clock:  clk_fpga_0

Setup :           NA  Failing Endpoints,  Worst Slack           NA  ,  Total Violation           NA
Hold  :           NA  Failing Endpoints,  Worst Slack           NA  ,  Total Violation           NA
PW    :            0  Failing Endpoints,  Worst Slack       18.408ns,  Total Violation        0.000ns
---------------------------------------------------------------------------------------------------


Pulse Width Checks
--------------------------------------------------------------------------------------
Clock Name:         clk_fpga_0
Waveform(ns):       { 0.000 10.000 }
Period(ns):         20.000
Sources:            { design_1_i/processing_system7_0/inst/PS7_i/FCLKCLK[0] }

Check Type  Corner  Lib Pin  Reference Pin  Required(ns)  Actual(ns)  Slack(ns)  Location        Pin
Min Period  n/a     BUFG/I   n/a            1.592         20.000      18.408     BUFGCTRL_X0Y16  design_1_i/processing_system7_0/inst/buffer_fclk_clk_0.FCLK_CLK_0_BUFG/I



--------------------------------------------------------------------------------------
Path Group:  (none)
From Clock:  
  To Clock:  

Max Delay            91 Endpoints
Min Delay            91 Endpoints
--------------------------------------------------------------------------------------


Max Delay Paths
--------------------------------------------------------------------------------------
Slack:                    inf
  Source:                 u_led_counter/led_reg_reg[3]_lopt_replica/C
                            (rising edge-triggered cell FDRE)
  Destination:            LED[3]
                            (output port)
  Path Group:             (none)
  Path Type:              Max at Slow Process Corner
  Data Path Delay:        5.338ns  (logic 3.791ns (71.029%)  route 1.546ns (28.971%))
  Logic Levels:           2  (FDRE=1 OBUF=1)

    Location             Delay type                Incr(ns)  Path(ns)    Netlist Resource(s)
  -------------------------------------------------------------------    -------------------
    SLICE_X0Y27          FDRE                         0.000     0.000 r  u_led_counter/led_reg_reg[3]_lopt_replica/C
    SLICE_X0Y27          FDRE (Prop_fdre_C_Q)         0.433     0.433 r  u_led_counter/led_reg_reg[3]_lopt_replica/Q
                         net (fo=1, routed)           1.546     1.979    lopt_3
    AA12                 OBUF (Prop_obuf_I_O)         3.358     5.338 r  LED_OBUF[3]_inst/O
                         net (fo=0)                   0.000     5.338    LED[3]
    AA12                                                              r  LED[3] (OUT)
  -------------------------------------------------------------------    -------------------

Slack:                    inf
  Source:                 u_led_counter/led_reg_reg[0]_lopt_replica/C
                            (rising edge-triggered cell FDRE)
  Destination:            LED[0]
                            (output port)
  Path Group:             (none)
  Path Type:              Max at Slow Process Corner
  Data Path Delay:        5.255ns  (logic 3.718ns (70.755%)  route 1.537ns (29.245%))
  Logic Levels:           2  (FDRE=1 OBUF=1)

    Location             Delay type                Incr(ns)  Path(ns)    Netlist Resource(s)
  -------------------------------------------------------------------    -------------------
    SLICE_X1Y27          FDRE                         0.000     0.000 r  u_led_counter/led_reg_reg[0]_lopt_replica/C
    SLICE_X1Y27          FDRE (Prop_fdre_C_Q)         0.379     0.379 r  u_led_counter/led_reg_reg[0]_lopt_replica/Q
                         net (fo=1, routed)           1.537     1.916    lopt
    AB14                 OBUF (Prop_obuf_I_O)         3.339     5.255 r  LED_OBUF[0]_inst/O
                         net (fo=0)                   0.000     5.255    LED[0]
    AB14                                                              r  LED[0] (OUT)
  -------------------------------------------------------------------    -------------------

Slack:                    inf
  Source:                 u_led_counter/led_reg_reg[7]_lopt_replica/C
                            (rising edge-triggered cell FDRE)
  Destination:            LED[7]
                            (output port)
  Path Group:             (none)
  Path Type:              Max at Slow Process Corner
  Data Path Delay:        5.164ns  (logic 3.676ns (71.177%)  route 1.488ns (28.823%))
  Logic Levels:           2  (FDRE=1 OBUF=1)

    Location             Delay type                Incr(ns)  Path(ns)    Netlist Resource(s)
  -------------------------------------------------------------------    -------------------
    SLICE_X0Y11          FDRE                         0.000     0.000 r  u_led_counter/led_reg_reg[7]_lopt_replica/C
    SLICE_X0Y11          FDRE (Prop_fdre_C_Q)         0.433     0.433 r  u_led_counter/led_reg_reg[7]_lopt_replica/Q
                         net (fo=1, routed)           1.488     1.921    lopt_7
    V19                  OBUF (Prop_obuf_I_O)         3.243     5.164 r  LED_OBUF[7]_inst/O
                         net (fo=0)                   0.000     5.164    LED[7]
    V19                                                               r  LED[7] (OUT)
  -------------------------------------------------------------------    -------------------

Slack:                    inf
  Source:                 u_led_counter/led_reg_reg[1]_lopt_replica/C
                            (rising edge-triggered cell FDRE)
  Destination:            LED[1]
                            (output port)
  Path Group:             (none)
  Path Type:              Max at Slow Process Corner
  Data Path Delay:        5.141ns  (logic 3.761ns (73.168%)  route 1.379ns (26.832%))
  Logic Levels:           2  (FDRE=1 OBUF=1)

    Location             Delay type                Incr(ns)  Path(ns)    Netlist Resource(s)
  -------------------------------------------------------------------    -------------------
    SLICE_X0Y27          FDRE                         0.000     0.000 r  u_led_counter/led_reg_reg[1]_lopt_replica/C
    SLICE_X0Y27          FDRE (Prop_fdre_C_Q)         0.433     0.433 r  u_led_counter/led_reg_reg[1]_lopt_replica/Q
                         net (fo=1, routed)           1.379     1.812    lopt_1
    AA14                 OBUF (Prop_obuf_I_O)         3.328     5.141 r  LED_OBUF[1]_inst/O
                         net (fo=0)                   0.000     5.141    LED[1]
    AA14                                                              r  LED[1] (OUT)
  -------------------------------------------------------------------    -------------------

Slack:                    inf
  Source:                 u_led_counter/led_reg_reg[2]_lopt_replica/C
                            (rising edge-triggered cell FDRE)
  Destination:            LED[2]
                            (output port)
  Path Group:             (none)
  Path Type:              Max at Slow Process Corner
  Data Path Delay:        5.129ns  (logic 3.757ns (73.245%)  route 1.372ns (26.755%))
  Logic Levels:           2  (FDRE=1 OBUF=1)

    Location             Delay type                Incr(ns)  Path(ns)    Netlist Resource(s)
  -------------------------------------------------------------------    -------------------
    SLICE_X0Y27          FDRE                         0.000     0.000 r  u_led_counter/led_reg_reg[2]_lopt_replica/C
    SLICE_X0Y27          FDRE (Prop_fdre_C_Q)         0.433     0.433 r  u_led_counter/led_reg_reg[2]_lopt_replica/Q
                         net (fo=1, routed)           1.372     1.805    lopt_2
    AA15                 OBUF (Prop_obuf_I_O)         3.324     5.129 r  LED_OBUF[2]_inst/O
                         net (fo=0)                   0.000     5.129    LED[2]
    AA15                                                              r  LED[2] (OUT)
  -------------------------------------------------------------------    -------------------

Slack:                    inf
  Source:                 u_led_counter/led_reg_reg[6]_lopt_replica/C
                            (rising edge-triggered cell FDRE)
  Destination:            LED[6]
                            (output port)
  Path Group:             (none)
  Path Type:              Max at Slow Process Corner
  Data Path Delay:        5.068ns  (logic 3.686ns (72.719%)  route 1.383ns (27.281%))
  Logic Levels:           2  (FDRE=1 OBUF=1)

    Location             Delay type                Incr(ns)  Path(ns)    Netlist Resource(s)
  -------------------------------------------------------------------    -------------------
    SLICE_X0Y11          FDRE                         0.000     0.000 r  u_led_counter/led_reg_reg[6]_lopt_replica/C
    SLICE_X0Y11          FDRE (Prop_fdre_C_Q)         0.433     0.433 r  u_led_counter/led_reg_reg[6]_lopt_replica/Q
                         net (fo=1, routed)           1.383     1.816    lopt_6
    U19                  OBUF (Prop_obuf_I_O)         3.253     5.068 r  LED_OBUF[6]_inst/O
                         net (fo=0)                   0.000     5.068    LED[6]
    U19                                                               r  LED[6] (OUT)
  -------------------------------------------------------------------    -------------------

Slack:                    inf
  Source:                 u_led_counter/led_reg_reg[4]_lopt_replica/C
                            (rising edge-triggered cell FDRE)
  Destination:            LED[4]
                            (output port)
  Path Group:             (none)
  Path Type:              Max at Slow Process Corner
  Data Path Delay:        5.027ns  (logic 3.644ns (72.494%)  route 1.383ns (27.506%))
  Logic Levels:           2  (FDRE=1 OBUF=1)

    Location             Delay type                Incr(ns)  Path(ns)    Netlist Resource(s)
  -------------------------------------------------------------------    -------------------
    SLICE_X1Y11          FDRE                         0.000     0.000 r  u_led_counter/led_reg_reg[4]_lopt_replica/C
    SLICE_X1Y11          FDRE (Prop_fdre_C_Q)         0.379     0.379 r  u_led_counter/led_reg_reg[4]_lopt_replica/Q
                         net (fo=1, routed)           1.383     1.762    lopt_4
    R17                  OBUF (Prop_obuf_I_O)         3.265     5.027 r  LED_OBUF[4]_inst/O
                         net (fo=0)                   0.000     5.027    LED[4]
    R17                                                               r  LED[4] (OUT)
  -------------------------------------------------------------------    -------------------

Slack:                    inf
  Source:                 u_led_counter/led_reg_reg[5]_lopt_replica/C
                            (rising edge-triggered cell FDRE)
  Destination:            LED[5]
                            (output port)
  Path Group:             (none)
  Path Type:              Max at Slow Process Corner
  Data Path Delay:        4.942ns  (logic 3.684ns (74.547%)  route 1.258ns (25.453%))
  Logic Levels:           2  (FDRE=1 OBUF=1)

    Location             Delay type                Incr(ns)  Path(ns)    Netlist Resource(s)
  -------------------------------------------------------------------    -------------------
    SLICE_X0Y11          FDRE                         0.000     0.000 r  u_led_counter/led_reg_reg[5]_lopt_replica/C
    SLICE_X0Y11          FDRE (Prop_fdre_C_Q)         0.433     0.433 r  u_led_counter/led_reg_reg[5]_lopt_replica/Q
                         net (fo=1, routed)           1.258     1.691    lopt_5
    T17                  OBUF (Prop_obuf_I_O)         3.251     4.942 r  LED_OBUF[5]_inst/O
                         net (fo=0)                   0.000     4.942    LED[5]
    T17                                                               r  LED[5] (OUT)
  -------------------------------------------------------------------    -------------------

Slack:                    inf
  Source:                 u_led_counter/count_reg[3]/C
                            (rising edge-triggered cell FDRE)
  Destination:            u_led_counter/count_reg[24]/R
  Path Group:             (none)
  Path Type:              Max at Slow Process Corner
  Data Path Delay:        3.197ns  (logic 0.589ns (18.426%)  route 2.608ns (81.574%))
  Logic Levels:           3  (FDRE=1 LUT4=1 LUT6=1)

    Location             Delay type                Incr(ns)  Path(ns)    Netlist Resource(s)
  -------------------------------------------------------------------    -------------------
    SLICE_X1Y14          FDRE                         0.000     0.000 r  u_led_counter/count_reg[3]/C
    SLICE_X1Y14          FDRE (Prop_fdre_C_Q)         0.379     0.379 r  u_led_counter/count_reg[3]/Q
                         net (fo=2, routed)           0.816     1.195    u_led_counter/count_reg[3]
    SLICE_X2Y17          LUT4 (Prop_lut4_I0_O)        0.105     1.300 f  u_led_counter/count[0]_i_6/O
                         net (fo=1, routed)           0.658     1.958    u_led_counter/count[0]_i_6_n_0
    SLICE_X0Y17          LUT6 (Prop_lut6_I3_O)        0.105     2.063 r  u_led_counter/count[0]_i_1/O
                         net (fo=26, routed)          1.134     3.197    u_led_counter/shift_0
    SLICE_X1Y20          FDRE                                         r  u_led_counter/count_reg[24]/R
  -------------------------------------------------------------------    -------------------

Slack:                    inf
  Source:                 u_led_counter/count_reg[3]/C
                            (rising edge-triggered cell FDRE)
  Destination:            u_led_counter/count_reg[20]/R
  Path Group:             (none)
  Path Type:              Max at Slow Process Corner
  Data Path Delay:        3.088ns  (logic 0.589ns (19.073%)  route 2.499ns (80.927%))
  Logic Levels:           3  (FDRE=1 LUT4=1 LUT6=1)

    Location             Delay type                Incr(ns)  Path(ns)    Netlist Resource(s)
  -------------------------------------------------------------------    -------------------
    SLICE_X1Y14          FDRE                         0.000     0.000 r  u_led_counter/count_reg[3]/C
    SLICE_X1Y14          FDRE (Prop_fdre_C_Q)         0.379     0.379 r  u_led_counter/count_reg[3]/Q
                         net (fo=2, routed)           0.816     1.195    u_led_counter/count_reg[3]
    SLICE_X2Y17          LUT4 (Prop_lut4_I0_O)        0.105     1.300 f  u_led_counter/count[0]_i_6/O
                         net (fo=1, routed)           0.658     1.958    u_led_counter/count[0]_i_6_n_0
    SLICE_X0Y17          LUT6 (Prop_lut6_I3_O)        0.105     2.063 r  u_led_counter/count[0]_i_1/O
                         net (fo=26, routed)          1.025     3.088    u_led_counter/shift_0
    SLICE_X1Y19          FDRE                                         r  u_led_counter/count_reg[20]/R
  -------------------------------------------------------------------    -------------------





Min Delay Paths
--------------------------------------------------------------------------------------
Slack:                    inf
  Source:                 u_led_counter/led_reg_reg[0]/C
                            (rising edge-triggered cell FDRE)
  Destination:            u_led_counter/led_reg_reg[1]/D
  Path Group:             (none)
  Path Type:              Min at Fast Process Corner
  Data Path Delay:        0.316ns  (logic 0.141ns (44.628%)  route 0.175ns (55.372%))
  Logic Levels:           1  (FDRE=1)

    Location             Delay type                Incr(ns)  Path(ns)    Netlist Resource(s)
  -------------------------------------------------------------------    -------------------
    SLICE_X1Y27          FDRE                         0.000     0.000 r  u_led_counter/led_reg_reg[0]/C
    SLICE_X1Y27          FDRE (Prop_fdre_C_Q)         0.141     0.141 r  u_led_counter/led_reg_reg[0]/Q
                         net (fo=2, routed)           0.175     0.316    u_led_counter/Q[0]
    SLICE_X1Y27          FDRE                                         r  u_led_counter/led_reg_reg[1]/D
  -------------------------------------------------------------------    -------------------

Slack:                    inf
  Source:                 u_led_counter/led_reg_reg[0]/C
                            (rising edge-triggered cell FDRE)
  Destination:            u_led_counter/led_reg_reg[1]_lopt_replica/D
  Path Group:             (none)
  Path Type:              Min at Fast Process Corner
  Data Path Delay:        0.316ns  (logic 0.141ns (44.628%)  route 0.175ns (55.372%))
  Logic Levels:           1  (FDRE=1)

    Location             Delay type                Incr(ns)  Path(ns)    Netlist Resource(s)
  -------------------------------------------------------------------    -------------------
    SLICE_X1Y27          FDRE                         0.000     0.000 r  u_led_counter/led_reg_reg[0]/C
    SLICE_X1Y27          FDRE (Prop_fdre_C_Q)         0.141     0.141 r  u_led_counter/led_reg_reg[0]/Q
                         net (fo=2, routed)           0.175     0.316    u_led_counter/Q[0]
    SLICE_X0Y27          FDRE                                         r  u_led_counter/led_reg_reg[1]_lopt_replica/D
  -------------------------------------------------------------------    -------------------

Slack:                    inf
  Source:                 u_led_counter/led_reg_reg[4]/C
                            (rising edge-triggered cell FDRE)
  Destination:            u_led_counter/led_reg_reg[5]/D
  Path Group:             (none)
  Path Type:              Min at Fast Process Corner
  Data Path Delay:        0.316ns  (logic 0.141ns (44.628%)  route 0.175ns (55.372%))
  Logic Levels:           1  (FDRE=1)

    Location             Delay type                Incr(ns)  Path(ns)    Netlist Resource(s)
  -------------------------------------------------------------------    -------------------
    SLICE_X1Y11          FDRE                         0.000     0.000 r  u_led_counter/led_reg_reg[4]/C
    SLICE_X1Y11          FDRE (Prop_fdre_C_Q)         0.141     0.141 r  u_led_counter/led_reg_reg[4]/Q
                         net (fo=2, routed)           0.175     0.316    u_led_counter/Q[4]
    SLICE_X1Y11          FDRE                                         r  u_led_counter/led_reg_reg[5]/D
  -------------------------------------------------------------------    -------------------

Slack:                    inf
  Source:                 u_led_counter/led_reg_reg[4]/C
                            (rising edge-triggered cell FDRE)
  Destination:            u_led_counter/led_reg_reg[5]_lopt_replica/D
  Path Group:             (none)
  Path Type:              Min at Fast Process Corner
  Data Path Delay:        0.316ns  (logic 0.141ns (44.628%)  route 0.175ns (55.372%))
  Logic Levels:           1  (FDRE=1)

    Location             Delay type                Incr(ns)  Path(ns)    Netlist Resource(s)
  -------------------------------------------------------------------    -------------------
    SLICE_X1Y11          FDRE                         0.000     0.000 r  u_led_counter/led_reg_reg[4]/C
    SLICE_X1Y11          FDRE (Prop_fdre_C_Q)         0.141     0.141 r  u_led_counter/led_reg_reg[4]/Q
                         net (fo=2, routed)           0.175     0.316    u_led_counter/Q[4]
    SLICE_X0Y11          FDRE                                         r  u_led_counter/led_reg_reg[5]_lopt_replica/D
  -------------------------------------------------------------------    -------------------

Slack:                    inf
  Source:                 u_led_counter/count_reg[13]/C
                            (rising edge-triggered cell FDRE)
  Destination:            u_led_counter/shift_reg/D
  Path Group:             (none)
  Path Type:              Min at Fast Process Corner
  Data Path Delay:        0.350ns  (logic 0.231ns (65.907%)  route 0.119ns (34.093%))
  Logic Levels:           3  (FDRE=1 LUT4=1 LUT6=1)

    Location             Delay type                Incr(ns)  Path(ns)    Netlist Resource(s)
  -------------------------------------------------------------------    -------------------
    SLICE_X1Y17          FDRE                         0.000     0.000 r  u_led_counter/count_reg[13]/C
    SLICE_X1Y17          FDRE (Prop_fdre_C_Q)         0.141     0.141 r  u_led_counter/count_reg[13]/Q
                         net (fo=2, routed)           0.065     0.206    u_led_counter/count_reg[13]
    SLICE_X0Y17          LUT4 (Prop_lut4_I0_O)        0.045     0.251 f  u_led_counter/count[0]_i_3/O
                         net (fo=1, routed)           0.054     0.305    u_led_counter/count[0]_i_3_n_0
    SLICE_X0Y17          LUT6 (Prop_lut6_I0_O)        0.045     0.350 r  u_led_counter/count[0]_i_1/O
                         net (fo=26, routed)          0.000     0.350    u_led_counter/shift_0
    SLICE_X0Y17          FDRE                                         r  u_led_counter/shift_reg/D
  -------------------------------------------------------------------    -------------------

Slack:                    inf
  Source:                 u_led_counter/count_reg[15]/C
                            (rising edge-triggered cell FDRE)
  Destination:            u_led_counter/count_reg[15]/D
  Path Group:             (none)
  Path Type:              Min at Fast Process Corner
  Data Path Delay:        0.364ns  (logic 0.249ns (68.491%)  route 0.115ns (31.509%))
  Logic Levels:           2  (CARRY4=1 FDRE=1)

    Location             Delay type                Incr(ns)  Path(ns)    Netlist Resource(s)
  -------------------------------------------------------------------    -------------------
    SLICE_X1Y17          FDRE                         0.000     0.000 r  u_led_counter/count_reg[15]/C
    SLICE_X1Y17          FDRE (Prop_fdre_C_Q)         0.141     0.141 r  u_led_counter/count_reg[15]/Q
                         net (fo=2, routed)           0.115     0.256    u_led_counter/count_reg[15]
    SLICE_X1Y17          CARRY4 (Prop_carry4_S[3]_O[3])
                                                      0.108     0.364 r  u_led_counter/count_reg[12]_i_1/O[3]
                         net (fo=1, routed)           0.000     0.364    u_led_counter/count_reg[12]_i_1_n_4
    SLICE_X1Y17          FDRE                                         r  u_led_counter/count_reg[15]/D
  -------------------------------------------------------------------    -------------------

Slack:                    inf
  Source:                 u_led_counter/count_reg[19]/C
                            (rising edge-triggered cell FDRE)
  Destination:            u_led_counter/count_reg[19]/D
  Path Group:             (none)
  Path Type:              Min at Fast Process Corner
  Data Path Delay:        0.364ns  (logic 0.249ns (68.491%)  route 0.115ns (31.509%))
  Logic Levels:           2  (CARRY4=1 FDRE=1)

    Location             Delay type                Incr(ns)  Path(ns)    Netlist Resource(s)
  -------------------------------------------------------------------    -------------------
    SLICE_X1Y18          FDRE                         0.000     0.000 r  u_led_counter/count_reg[19]/C
    SLICE_X1Y18          FDRE (Prop_fdre_C_Q)         0.141     0.141 r  u_led_counter/count_reg[19]/Q
                         net (fo=2, routed)           0.115     0.256    u_led_counter/count_reg[19]
    SLICE_X1Y18          CARRY4 (Prop_carry4_S[3]_O[3])
                                                      0.108     0.364 r  u_led_counter/count_reg[16]_i_1/O[3]
                         net (fo=1, routed)           0.000     0.364    u_led_counter/count_reg[16]_i_1_n_4
    SLICE_X1Y18          FDRE                                         r  u_led_counter/count_reg[19]/D
  -------------------------------------------------------------------    -------------------

Slack:                    inf
  Source:                 u_led_counter/count_reg[11]/C
                            (rising edge-triggered cell FDRE)
  Destination:            u_led_counter/count_reg[11]/D
  Path Group:             (none)
  Path Type:              Min at Fast Process Corner
  Data Path Delay:        0.366ns  (logic 0.249ns (68.030%)  route 0.117ns (31.970%))
  Logic Levels:           2  (CARRY4=1 FDRE=1)

    Location             Delay type                Incr(ns)  Path(ns)    Netlist Resource(s)
  -------------------------------------------------------------------    -------------------
    SLICE_X1Y16          FDRE                         0.000     0.000 r  u_led_counter/count_reg[11]/C
    SLICE_X1Y16          FDRE (Prop_fdre_C_Q)         0.141     0.141 r  u_led_counter/count_reg[11]/Q
                         net (fo=2, routed)           0.117     0.258    u_led_counter/count_reg[11]
    SLICE_X1Y16          CARRY4 (Prop_carry4_S[3]_O[3])
                                                      0.108     0.366 r  u_led_counter/count_reg[8]_i_1/O[3]
                         net (fo=1, routed)           0.000     0.366    u_led_counter/count_reg[8]_i_1_n_4
    SLICE_X1Y16          FDRE                                         r  u_led_counter/count_reg[11]/D
  -------------------------------------------------------------------    -------------------

Slack:                    inf
  Source:                 u_led_counter/count_reg[23]/C
                            (rising edge-triggered cell FDRE)
  Destination:            u_led_counter/count_reg[23]/D
  Path Group:             (none)
  Path Type:              Min at Fast Process Corner
  Data Path Delay:        0.367ns  (logic 0.249ns (67.820%)  route 0.118ns (32.180%))
  Logic Levels:           2  (CARRY4=1 FDRE=1)

    Location             Delay type                Incr(ns)  Path(ns)    Netlist Resource(s)
  -------------------------------------------------------------------    -------------------
    SLICE_X1Y19          FDRE                         0.000     0.000 r  u_led_counter/count_reg[23]/C
    SLICE_X1Y19          FDRE (Prop_fdre_C_Q)         0.141     0.141 r  u_led_counter/count_reg[23]/Q
                         net (fo=2, routed)           0.118     0.259    u_led_counter/count_reg[23]
    SLICE_X1Y19          CARRY4 (Prop_carry4_S[3]_O[3])
                                                      0.108     0.367 r  u_led_counter/count_reg[20]_i_1/O[3]
                         net (fo=1, routed)           0.000     0.367    u_led_counter/count_reg[20]_i_1_n_4
    SLICE_X1Y19          FDRE                                         r  u_led_counter/count_reg[23]/D
  -------------------------------------------------------------------    -------------------

Slack:                    inf
  Source:                 u_led_counter/count_reg[7]/C
                            (rising edge-triggered cell FDRE)
  Destination:            u_led_counter/count_reg[7]/D
  Path Group:             (none)
  Path Type:              Min at Fast Process Corner
  Data Path Delay:        0.367ns  (logic 0.249ns (67.820%)  route 0.118ns (32.180%))
  Logic Levels:           2  (CARRY4=1 FDRE=1)

    Location             Delay type                Incr(ns)  Path(ns)    Netlist Resource(s)
  -------------------------------------------------------------------    -------------------
    SLICE_X1Y15          FDRE                         0.000     0.000 r  u_led_counter/count_reg[7]/C
    SLICE_X1Y15          FDRE (Prop_fdre_C_Q)         0.141     0.141 r  u_led_counter/count_reg[7]/Q
                         net (fo=2, routed)           0.118     0.259    u_led_counter/count_reg[7]
    SLICE_X1Y15          CARRY4 (Prop_carry4_S[3]_O[3])
                                                      0.108     0.367 r  u_led_counter/count_reg[4]_i_1/O[3]
                         net (fo=1, routed)           0.000     0.367    u_led_counter/count_reg[4]_i_1_n_4
    SLICE_X1Y15          FDRE                                         r  u_led_counter/count_reg[7]/D
  -------------------------------------------------------------------    -------------------





