Vivado Simulator v2025.2
Copyright 1986-2022 Xilinx, Inc. All Rights Reserved.
Copyright 2022-2025 Advanced Micro Devices, Inc. All Rights Reserved.
Running: C:/AMDDesignTools/2025.2/Vivado/bin/unwrapped/win64.o/xelab.exe --incr --debug typical --relax --mt 2 -L xil_defaultlib -L uvm -L xilinx_vip -L unisims_ver -L unimacro_ver -L secureip -L xpm --snapshot gigabit_rx_tb_behav xil_defaultlib.gigabit_rx_tb xil_defaultlib.glbl -log elaborate.log 
Using 2 slave threads.
Starting static elaboration
Pass Through NonSizing Optimizer
WARNING: [VRFC 10-5021] port 'm_axis_tready' is not connected on this instance [E:/Projects/FPGAs/zynq_z015/bringup/bringup.srcs/sim_1/imports/new/gigabit_rx_tb.sv:25]
Completed static elaboration
Starting simulation data flow analysis
Completed simulation data flow analysis
Time Resolution for simulation is 1ps
Compiling package std.standard
Compiling package std.textio
Compiling package ieee.std_logic_1164
Compiling package ieee.numeric_std
Compiling package unisim.vcomponents
Compiling package ieee.vital_timing
Compiling package ieee.vital_primitives
Compiling package unisim.vpkg
Compiling architecture iddr_v of entity unisim.IDDR [\IDDR(ddr_clk_edge="SAME_EDGE_PI...]
Compiling architecture rtl of entity xil_defaultlib.gigabit_rx [gigabit_rx_default]
Compiling module xil_defaultlib.gigabit_rx_tb
Compiling module xil_defaultlib.glbl
Built simulation snapshot gigabit_rx_tb_behav
