#-----------------------------------------------------------
# Vivado v2025.2 (64-bit)
# SW Build 6299465 on Fri Nov 14 19:35:11 GMT 2025
# IP Build 6300035 on Fri Nov 14 10:48:45 MST 2025
# SharedData Build 6298862 on Thu Nov 13 04:50:51 MST 2025
# Start of session at: Wed Jul  1 22:30:26 2026
# Process ID         : 49100
# Current directory  : E:/Projects/FPGAs/zynq_z015/bringup/bringup.runs/synth_1
# Command line       : vivado.exe -log top.vds -product Vivado -mode batch -messageDb vivado.pb -notrace -source top.tcl
# Log file           : E:/Projects/FPGAs/zynq_z015/bringup/bringup.runs/synth_1/top.vds
# Journal file       : E:/Projects/FPGAs/zynq_z015/bringup/bringup.runs/synth_1\vivado.jou
# Running On         : ClaysPC
# Platform           : Windows Server 2016 or Windows 10
# Operating System   : 26200
# Processor Detail   : AMD Ryzen 7 9800X3D 8-Core Processor           
# CPU Frequency      : 4691 MHz
# CPU Physical cores : 8
# CPU Logical cores  : 16
# Host memory        : 66157 MB
# Swap memory        : 9180 MB
# Total Virtual      : 75338 MB
# Available Virtual  : 31284 MB
#-----------------------------------------------------------
source top.tcl -notrace
